09:58:03 [INFO] ==================================================
09:58:03 [INFO] 开始分析，共 3 个文件
09:58:03 [INFO] 处理文件：1.北大核心期刊目录2023版（2024.03至今）.xlsx
09:58:03 [INFO]   命中缓存，跳过重新解析
09:58:03 [INFO] 处理文件：2.中文社会科学引文索引CSSCI2025-2026版.xlsx
09:58:03 [INFO]   命中缓存，跳过重新解析
09:58:03 [INFO] 处理文件：3.中国科学引文数据库（CSCD）来源期刊列表（2025—2026）目录.pdf
09:58:03 [INFO]   命中缓存，跳过重新解析
09:58:03 [INFO] 开始计算交集...
09:58:03 [INFO] 各库有效期刊数：北大核心=1987, CSSCI=660, CSCD=1120
09:58:03 [INFO] 三库交集：28 种
09:58:03 [INFO]   [三库] 中国临床心理学杂志
09:58:03 [INFO]   [三库] 中国人口·资源与环境
09:58:03 [INFO]   [三库] 中国土地科学
09:58:03 [INFO]   [三库] 中国科学院院刊
09:58:03 [INFO]   [三库] 中国管理科学
09:58:03 [INFO]   [三库] 中国软科学
09:58:03 [INFO]   [三库] 人类学学报
09:58:03 [INFO]   [三库] 地理研究
09:58:03 [INFO]   [三库] 地理科学
09:58:03 [INFO]   [三库] 地理科学进展
09:58:03 [INFO]   [三库] 城市发展研究
09:58:03 [INFO]   [三库] 城市规划
09:58:03 [INFO]   [三库] 城市规划学刊
09:58:03 [INFO]   [三库] 干旱区资源与环境
09:58:03 [INFO]   [三库] 心理学报
09:58:03 [INFO]   [三库] 心理科学进展
09:58:03 [INFO]   [三库] 数据分析与知识发现
09:58:03 [INFO]   [三库] 数量经济技术经济研究
09:58:03 [INFO]   [三库] 科学学与科学技术管理
09:58:03 [INFO]   [三库] 科学学研究
09:58:03 [INFO]   [三库] 科研管理
09:58:03 [INFO]   [三库] 管理工程学报
09:58:03 [INFO]   [三库] 管理科学学报
09:58:03 [INFO]   [三库] 系统工程理论与实践
09:58:03 [INFO]   [三库] 经济地理
09:58:03 [INFO]   [三库] 自然资源学报
09:58:03 [INFO]   [三库] 资源科学
09:58:03 [INFO]   [三库] 长江流域资源与环境
09:58:03 [INFO] 北大核心+CSSCI 交集（不含三库）：446 种
09:58:03 [INFO]   [北大核心+CSSCI] 上海体育学院学报
09:58:03 [INFO]   [北大核心+CSSCI] 上海经济研究
09:58:03 [INFO]   [北大核心+CSSCI] 上海翻译
09:58:03 [INFO]   [北大核心+CSSCI] 上海行政学院学报
09:58:03 [INFO]   [北大核心+CSSCI] 世界历史
09:58:03 [INFO]   [北大核心+CSSCI] 世界哲学
09:58:03 [INFO]   [北大核心+CSSCI] 世界宗教文化
09:58:03 [INFO]   [北大核心+CSSCI] 世界宗教研究
09:58:03 [INFO]   [北大核心+CSSCI] 世界民族
09:58:03 [INFO]   [北大核心+CSSCI] 世界汉语教学
09:58:03 [INFO]   [北大核心+CSSCI] 世界社会科学
09:58:03 [INFO]   [北大核心+CSSCI] 世界经济
09:58:03 [INFO]   [北大核心+CSSCI] 世界经济与政治
09:58:03 [INFO]   [北大核心+CSSCI] 世界经济与政治论坛
09:58:03 [INFO]   [北大核心+CSSCI] 世界经济文汇
09:58:03 [INFO]   [北大核心+CSSCI] 世界经济研究
09:58:03 [INFO]   [北大核心+CSSCI] 东北亚论坛
09:58:03 [INFO]   [北大核心+CSSCI] 东南学术
09:58:03 [INFO]   [北大核心+CSSCI] 东南文化
09:58:03 [INFO]   [北大核心+CSSCI] 东岳论丛
09:58:03 [INFO]   [北大核心+CSSCI] 东方法学
09:58:03 [INFO]   [北大核心+CSSCI] 中共党史研究
09:58:03 [INFO]   [北大核心+CSSCI] 中南财经政法大学学报
09:58:03 [INFO]   [北大核心+CSSCI] 中国书法
09:58:03 [INFO]   [北大核心+CSSCI] 中国人口科学
09:58:03 [INFO]   [北大核心+CSSCI] 中国人民大学学报
09:58:03 [INFO]   [北大核心+CSSCI] 中国体育科技
09:58:03 [INFO]   [北大核心+CSSCI] 中国农史
09:58:03 [INFO]   [北大核心+CSSCI] 中国农村经济
09:58:03 [INFO]   [北大核心+CSSCI] 中国农村观察
09:58:03 [INFO]   [北大核心+CSSCI] 中国出版
09:58:03 [INFO]   [北大核心+CSSCI] 中国刑事法杂志
09:58:03 [INFO]   [北大核心+CSSCI] 中国历史地理论丛
09:58:03 [INFO]   [北大核心+CSSCI] 中国史研究
09:58:03 [INFO]   [北大核心+CSSCI] 中国哲学史
09:58:03 [INFO]   [北大核心+CSSCI] 中国图书馆学报
09:58:03 [INFO]   [北大核心+CSSCI] 中国外语
09:58:03 [INFO]   [北大核心+CSSCI] 中国大学教学
09:58:03 [INFO]   [北大核心+CSSCI] 中国工业经济
09:58:03 [INFO]   [北大核心+CSSCI] 中国文学批评
09:58:03 [INFO]   [北大核心+CSSCI] 中国比较文学
09:58:03 [INFO]   [北大核心+CSSCI] 中国法学
09:58:03 [INFO]   [北大核心+CSSCI] 中国法律评论
09:58:03 [INFO]   [北大核心+CSSCI] 中国特殊教育
09:58:03 [INFO]   [北大核心+CSSCI] 中国特色社会主义研究
09:58:03 [INFO]   [北大核心+CSSCI] 中国现代文学研究丛刊
09:58:03 [INFO]   [北大核心+CSSCI] 中国电化教育
09:58:03 [INFO]   [北大核心+CSSCI] 中国电视
09:58:03 [INFO]   [北大核心+CSSCI] 中国社会科学
09:58:03 [INFO]   [北大核心+CSSCI] 中国社会经济史研究
09:58:03 [INFO]   [北大核心+CSSCI] 中国科技史杂志
09:58:03 [INFO]   [北大核心+CSSCI] 中国科技期刊研究
09:58:03 [INFO]   [北大核心+CSSCI] 中国科技论坛
09:58:03 [INFO]   [北大核心+CSSCI] 中国经济史研究
09:58:03 [INFO]   [北大核心+CSSCI] 中国经济问题
09:58:03 [INFO]   [北大核心+CSSCI] 中国编辑
09:58:03 [INFO]   [北大核心+CSSCI] 中国翻译
09:58:03 [INFO]   [北大核心+CSSCI] 中国藏学
09:58:03 [INFO]   [北大核心+CSSCI] 中国行政管理
09:58:03 [INFO]   [北大核心+CSSCI] 中国语文
09:58:03 [INFO]   [北大核心+CSSCI] 中国边疆史地研究
09:58:03 [INFO]   [北大核心+CSSCI] 中国远程教育
09:58:03 [INFO]   [北大核心+CSSCI] 中国青年研究
09:58:03 [INFO]   [北大核心+CSSCI] 中国音乐
09:58:03 [INFO]   [北大核心+CSSCI] 中国音乐学
09:58:03 [INFO]   [北大核心+CSSCI] 中国高教研究
09:58:03 [INFO]   [北大核心+CSSCI] 中国高校社会科学
09:58:03 [INFO]   [北大核心+CSSCI] 中国高等教育
09:58:03 [INFO]   [北大核心+CSSCI] 中外法学
09:58:03 [INFO]   [北大核心+CSSCI] 中央财经大学学报
09:58:03 [INFO]   [北大核心+CSSCI] 中央音乐学院学报
09:58:03 [INFO]   [北大核心+CSSCI] 中州学刊
09:58:03 [INFO]   [北大核心+CSSCI] 书法研究
09:58:03 [INFO]   [北大核心+CSSCI] 云南社会科学
09:58:03 [INFO]   [北大核心+CSSCI] 亚太安全与海洋研究
09:58:03 [INFO]   [北大核心+CSSCI] 亚太经济
09:58:03 [INFO]   [北大核心+CSSCI] 产业经济研究
09:58:03 [INFO]   [北大核心+CSSCI] 人口与发展
09:58:03 [INFO]   [北大核心+CSSCI] 人口与经济
09:58:03 [INFO]   [北大核心+CSSCI] 人口学刊
09:58:03 [INFO]   [北大核心+CSSCI] 人口研究
09:58:03 [INFO]   [北大核心+CSSCI] 人文地理
09:58:03 [INFO]   [北大核心+CSSCI] 人文杂志
09:58:03 [INFO]   [北大核心+CSSCI] 人民论坛
09:58:03 [INFO]   [北大核心+CSSCI] 会计与经济研究
09:58:03 [INFO]   [北大核心+CSSCI] 会计研究
09:58:03 [INFO]   [北大核心+CSSCI] 伦理学研究
09:58:03 [INFO]   [北大核心+CSSCI] 体育与科学
09:58:03 [INFO]   [北大核心+CSSCI] 体育学刊
09:58:03 [INFO]   [北大核心+CSSCI] 体育学研究
09:58:03 [INFO]   [北大核心+CSSCI] 体育科学
09:58:03 [INFO]   [北大核心+CSSCI] 保险研究
09:58:03 [INFO]   [北大核心+CSSCI] 党史研究与教学
09:58:03 [INFO]   [北大核心+CSSCI] 党的文献
09:58:03 [INFO]   [北大核心+CSSCI] 全球教育展望
09:58:03 [INFO]   [北大核心+CSSCI] 公共管理与政策评论
09:58:03 [INFO]   [北大核心+CSSCI] 公共管理学报
09:58:03 [INFO]   [北大核心+CSSCI] 公共行政评论
09:58:03 [INFO]   [北大核心+CSSCI] 内蒙古社会科学
09:58:03 [INFO]   [北大核心+CSSCI] 农业技术经济
09:58:03 [INFO]   [北大核心+CSSCI] 农业经济问题
09:58:03 [INFO]   [北大核心+CSSCI] 农村经济
09:58:03 [INFO]   [北大核心+CSSCI] 出版发行研究
09:58:03 [INFO]   [北大核心+CSSCI] 出版科学
09:58:03 [INFO]   [北大核心+CSSCI] 劳动经济研究
09:58:03 [INFO]   [北大核心+CSSCI] 北京体育大学学报
09:58:03 [INFO]   [北大核心+CSSCI] 北京大学教育评论
09:58:03 [INFO]   [北大核心+CSSCI] 北京电影学院学报
09:58:03 [INFO]   [北大核心+CSSCI] 北京社会科学
09:58:03 [INFO]   [北大核心+CSSCI] 北京舞蹈学院学报
09:58:03 [INFO]   [北大核心+CSSCI] 北京行政学院学报
09:58:03 [INFO]   [北大核心+CSSCI] 华东政法大学学报
09:58:03 [INFO]   [北大核心+CSSCI] 华东经济管理
09:58:03 [INFO]   [北大核心+CSSCI] 南亚研究
09:58:03 [INFO]   [北大核心+CSSCI] 南京社会科学
09:58:03 [INFO]   [北大核心+CSSCI] 南开管理评论
09:58:03 [INFO]   [北大核心+CSSCI] 南开经济研究
09:58:03 [INFO]   [北大核心+CSSCI] 南方文坛
09:58:03 [INFO]   [北大核心+CSSCI] 南方经济
09:58:03 [INFO]   [北大核心+CSSCI] 南洋问题研究
09:58:03 [INFO]   [北大核心+CSSCI] 历史档案
09:58:03 [INFO]   [北大核心+CSSCI] 历史研究
09:58:03 [INFO]   [北大核心+CSSCI] 古汉语研究
09:58:03 [INFO]   [北大核心+CSSCI] 史学史研究
09:58:03 [INFO]   [北大核心+CSSCI] 史学月刊
09:58:03 [INFO]   [北大核心+CSSCI] 史学理论研究
09:58:03 [INFO]   [北大核心+CSSCI] 史学集刊
09:58:03 [INFO]   [北大核心+CSSCI] 史林
09:58:03 [INFO]   [北大核心+CSSCI] 吉林大学社会科学学报
09:58:03 [INFO]   [北大核心+CSSCI] 周易研究
09:58:03 [INFO]   [北大核心+CSSCI] 哲学分析
09:58:03 [INFO]   [北大核心+CSSCI] 哲学动态
09:58:03 [INFO]   [北大核心+CSSCI] 哲学研究
09:58:03 [INFO]   [北大核心+CSSCI] 商业研究
09:58:03 [INFO]   [北大核心+CSSCI] 商业经济与管理
09:58:03 [INFO]   [北大核心+CSSCI] 国外文学
09:58:03 [INFO]   [北大核心+CSSCI] 国外理论动态
09:58:03 [INFO]   [北大核心+CSSCI] 国家图书馆学刊
09:58:03 [INFO]   [北大核心+CSSCI] 国家教育行政学院学报
09:58:03 [INFO]   [北大核心+CSSCI] 国家检察官学院学报
09:58:03 [INFO]   [北大核心+CSSCI] 国际安全研究
09:58:03 [INFO]   [北大核心+CSSCI] 国际展望
09:58:03 [INFO]   [北大核心+CSSCI] 国际政治研究
09:58:03 [INFO]   [北大核心+CSSCI] 国际政治科学
09:58:03 [INFO]   [北大核心+CSSCI] 国际新闻界
09:58:03 [INFO]   [北大核心+CSSCI] 国际经济评论
09:58:03 [INFO]   [北大核心+CSSCI] 国际经贸探索
09:58:03 [INFO]   [北大核心+CSSCI] 国际观察
09:58:03 [INFO]   [北大核心+CSSCI] 国际论坛
09:58:03 [INFO]   [北大核心+CSSCI] 国际贸易
09:58:03 [INFO]   [北大核心+CSSCI] 国际贸易问题
09:58:03 [INFO]   [北大核心+CSSCI] 国际金融研究
09:58:03 [INFO]   [北大核心+CSSCI] 国际问题研究
09:58:03 [INFO]   [北大核心+CSSCI] 图书与情报
09:58:03 [INFO]   [北大核心+CSSCI] 图书情报工作
09:58:03 [INFO]   [北大核心+CSSCI] 图书情报知识
09:58:03 [INFO]   [北大核心+CSSCI] 图书馆学研究
09:58:03 [INFO]   [北大核心+CSSCI] 图书馆建设
09:58:03 [INFO]   [北大核心+CSSCI] 图书馆杂志
09:58:03 [INFO]   [北大核心+CSSCI] 图书馆论坛
09:58:03 [INFO]   [北大核心+CSSCI] 城市问题
09:58:03 [INFO]   [北大核心+CSSCI] 复旦教育论坛
09:58:03 [INFO]   [北大核心+CSSCI] 外交评论
09:58:03 [INFO]   [北大核心+CSSCI] 外国教育研究
09:58:03 [INFO]   [北大核心+CSSCI] 外国文学
09:58:03 [INFO]   [北大核心+CSSCI] 外国文学研究
09:58:03 [INFO]   [北大核心+CSSCI] 外国文学评论
09:58:03 [INFO]   [北大核心+CSSCI] 外国经济与管理
09:58:03 [INFO]   [北大核心+CSSCI] 外语与外语教学
09:58:03 [INFO]   [北大核心+CSSCI] 外语教学
09:58:03 [INFO]   [北大核心+CSSCI] 外语教学与研究
09:58:03 [INFO]   [北大核心+CSSCI] 外语教学理论与实践
09:58:03 [INFO]   [北大核心+CSSCI] 外语教育研究前沿
09:58:03 [INFO]   [北大核心+CSSCI] 外语电化教学
09:58:03 [INFO]   [北大核心+CSSCI] 外语界
09:58:03 [INFO]   [北大核心+CSSCI] 大学图书馆学报
09:58:03 [INFO]   [北大核心+CSSCI] 大学教育科学
09:58:03 [INFO]   [北大核心+CSSCI] 天津社会科学
09:58:03 [INFO]   [北大核心+CSSCI] 太平洋学报
09:58:03 [INFO]   [北大核心+CSSCI] 妇女研究论丛
09:58:03 [INFO]   [北大核心+CSSCI] 孔子研究
09:58:03 [INFO]   [北大核心+CSSCI] 学习与实践
09:58:03 [INFO]   [北大核心+CSSCI] 学习与探索
09:58:03 [INFO]   [北大核心+CSSCI] 学位与研究生教育
09:58:03 [INFO]   [北大核心+CSSCI] 学前教育研究
09:58:03 [INFO]   [北大核心+CSSCI] 学术前沿
09:58:03 [INFO]   [北大核心+CSSCI] 学术月刊
09:58:03 [INFO]   [北大核心+CSSCI] 学术界
09:58:03 [INFO]   [北大核心+CSSCI] 学术研究
09:58:03 [INFO]   [北大核心+CSSCI] 学术论坛
09:58:03 [INFO]   [北大核心+CSSCI] 学海
09:58:03 [INFO]   [北大核心+CSSCI] 宁夏社会科学
09:58:03 [INFO]   [北大核心+CSSCI] 安徽史学
09:58:03 [INFO]   [北大核心+CSSCI] 宏观经济研究
09:58:03 [INFO]   [北大核心+CSSCI] 宗教学研究
09:58:03 [INFO]   [北大核心+CSSCI] 审计与经济研究
09:58:03 [INFO]   [北大核心+CSSCI] 审计研究
09:58:03 [INFO]   [北大核心+CSSCI] 小说评论
09:58:03 [INFO]   [北大核心+CSSCI] 山东社会科学
09:58:03 [INFO]   [北大核心+CSSCI] 山西财经大学学报
09:58:03 [INFO]   [北大核心+CSSCI] 工程管理科技前沿
09:58:03 [INFO]   [北大核心+CSSCI] 广东社会科学
09:58:03 [INFO]   [北大核心+CSSCI] 广东财经大学学报
09:58:03 [INFO]   [北大核心+CSSCI] 广西民族研究
09:58:03 [INFO]   [北大核心+CSSCI] 建筑学报
09:58:03 [INFO]   [北大核心+CSSCI] 开放教育研究
09:58:03 [INFO]   [北大核心+CSSCI] 开放时代
09:58:03 [INFO]   [北大核心+CSSCI] 当代世界与社会主义
09:58:03 [INFO]   [北大核心+CSSCI] 当代中国史研究
09:58:03 [INFO]   [北大核心+CSSCI] 当代亚太
09:58:03 [INFO]   [北大核心+CSSCI] 当代传播
09:58:03 [INFO]   [北大核心+CSSCI] 当代作家评论
09:58:03 [INFO]   [北大核心+CSSCI] 当代修辞学
09:58:03 [INFO]   [北大核心+CSSCI] 当代外国文学
09:58:03 [INFO]   [北大核心+CSSCI] 当代文坛
09:58:03 [INFO]   [北大核心+CSSCI] 当代法学
09:58:03 [INFO]   [北大核心+CSSCI] 当代电影
09:58:03 [INFO]   [北大核心+CSSCI] 当代经济研究
09:58:03 [INFO]   [北大核心+CSSCI] 当代经济科学
09:58:03 [INFO]   [北大核心+CSSCI] 当代语言学
09:58:03 [INFO]   [北大核心+CSSCI] 当代财经
09:58:03 [INFO]   [北大核心+CSSCI] 心理与行为研究
09:58:03 [INFO]   [北大核心+CSSCI] 心理发展与教育
09:58:03 [INFO]   [北大核心+CSSCI] 心理科学
09:58:03 [INFO]   [北大核心+CSSCI] 思想战线
09:58:03 [INFO]   [北大核心+CSSCI] 思想教育研究
09:58:03 [INFO]   [北大核心+CSSCI] 思想理论教育
09:58:03 [INFO]   [北大核心+CSSCI] 思想理论教育导刊
09:58:03 [INFO]   [北大核心+CSSCI] 情报学报
09:58:03 [INFO]   [北大核心+CSSCI] 情报杂志
09:58:03 [INFO]   [北大核心+CSSCI] 情报理论与实践
09:58:03 [INFO]   [北大核心+CSSCI] 情报科学
09:58:03 [INFO]   [北大核心+CSSCI] 情报资料工作
09:58:03 [INFO]   [北大核心+CSSCI] 戏曲艺术
09:58:03 [INFO]   [北大核心+CSSCI] 成都体育学院学报
09:58:03 [INFO]   [北大核心+CSSCI] 扬子江文学评论
09:58:03 [INFO]   [北大核心+CSSCI] 抗日战争研究
09:58:03 [INFO]   [北大核心+CSSCI] 探索
09:58:03 [INFO]   [北大核心+CSSCI] 探索与争鸣
09:58:03 [INFO]   [北大核心+CSSCI] 改革
09:58:03 [INFO]   [北大核心+CSSCI] 政治与法律
09:58:03 [INFO]   [北大核心+CSSCI] 政治学研究
09:58:03 [INFO]   [北大核心+CSSCI] 政治经济学评论
09:58:03 [INFO]   [北大核心+CSSCI] 政法论丛
09:58:03 [INFO]   [北大核心+CSSCI] 政法论坛
09:58:03 [INFO]   [北大核心+CSSCI] 故宫博物院院刊
09:58:03 [INFO]   [北大核心+CSSCI] 教学与研究
09:58:03 [INFO]   [北大核心+CSSCI] 教师教育研究
09:58:03 [INFO]   [北大核心+CSSCI] 教育与经济
09:58:03 [INFO]   [北大核心+CSSCI] 教育发展研究
09:58:03 [INFO]   [北大核心+CSSCI] 教育学报
09:58:03 [INFO]   [北大核心+CSSCI] 教育研究
09:58:03 [INFO]   [北大核心+CSSCI] 教育研究与实验
09:58:03 [INFO]   [北大核心+CSSCI] 教育科学
09:58:03 [INFO]   [北大核心+CSSCI] 教育科学研究
09:58:03 [INFO]   [北大核心+CSSCI] 敦煌学辑刊
09:58:03 [INFO]   [北大核心+CSSCI] 敦煌研究
09:58:03 [INFO]   [北大核心+CSSCI] 数理统计与管理
09:58:03 [INFO]   [北大核心+CSSCI] 文史
09:58:03 [INFO]   [北大核心+CSSCI] 文史哲
09:58:03 [INFO]   [北大核心+CSSCI] 文学评论
09:58:03 [INFO]   [北大核心+CSSCI] 文学遗产
09:58:03 [INFO]   [北大核心+CSSCI] 文物
09:58:03 [INFO]   [北大核心+CSSCI] 文献
09:58:03 [INFO]   [北大核心+CSSCI] 文艺争鸣
09:58:03 [INFO]   [北大核心+CSSCI] 文艺理论与批评
09:58:03 [INFO]   [北大核心+CSSCI] 文艺理论研究
09:58:03 [INFO]   [北大核心+CSSCI] 文艺研究
09:58:03 [INFO]   [北大核心+CSSCI] 新文学史料
09:58:03 [INFO]   [北大核心+CSSCI] 新美术
09:58:03 [INFO]   [北大核心+CSSCI] 新闻与传播研究
09:58:03 [INFO]   [北大核心+CSSCI] 新闻与写作
09:58:03 [INFO]   [北大核心+CSSCI] 新闻大学
09:58:03 [INFO]   [北大核心+CSSCI] 新闻界
09:58:03 [INFO]   [北大核心+CSSCI] 新闻记者
09:58:03 [INFO]   [北大核心+CSSCI] 方言
09:58:03 [INFO]   [北大核心+CSSCI] 旅游学刊
09:58:03 [INFO]   [北大核心+CSSCI] 旅游科学
09:58:03 [INFO]   [北大核心+CSSCI] 明清小说研究
09:58:03 [INFO]   [北大核心+CSSCI] 档案学研究
09:58:03 [INFO]   [北大核心+CSSCI] 档案学通讯
09:58:03 [INFO]   [北大核心+CSSCI] 欧洲研究
09:58:03 [INFO]   [北大核心+CSSCI] 武汉体育学院学报
09:58:03 [INFO]   [北大核心+CSSCI] 比较教育研究
09:58:03 [INFO]   [北大核心+CSSCI] 比较法研究
09:58:03 [INFO]   [北大核心+CSSCI] 毛泽东邓小平理论研究
09:58:03 [INFO]   [北大核心+CSSCI] 民俗研究
09:58:03 [INFO]   [北大核心+CSSCI] 民族学刊
09:58:03 [INFO]   [北大核心+CSSCI] 民族教育研究
09:58:03 [INFO]   [北大核心+CSSCI] 民族文学研究
09:58:03 [INFO]   [北大核心+CSSCI] 民族研究
09:58:03 [INFO]   [北大核心+CSSCI] 民族艺术
09:58:03 [INFO]   [北大核心+CSSCI] 民族语文
09:58:03 [INFO]   [北大核心+CSSCI] 求实
09:58:03 [INFO]   [北大核心+CSSCI] 求是
09:58:03 [INFO]   [北大核心+CSSCI] 求是学刊
09:58:03 [INFO]   [北大核心+CSSCI] 求索
09:58:03 [INFO]   [北大核心+CSSCI] 汉语学习
09:58:03 [INFO]   [北大核心+CSSCI] 汉语学报
09:58:03 [INFO]   [北大核心+CSSCI] 江汉考古
09:58:03 [INFO]   [北大核心+CSSCI] 江汉论坛
09:58:03 [INFO]   [北大核心+CSSCI] 江海学刊
09:58:03 [INFO]   [北大核心+CSSCI] 江淮论坛
09:58:03 [INFO]   [北大核心+CSSCI] 江苏社会科学
09:58:03 [INFO]   [北大核心+CSSCI] 江苏行政学院学报
09:58:03 [INFO]   [北大核心+CSSCI] 江苏高教
09:58:03 [INFO]   [北大核心+CSSCI] 江西社会科学
09:58:03 [INFO]   [北大核心+CSSCI] 江西财经大学学报
09:58:03 [INFO]   [北大核心+CSSCI] 沈阳体育学院学报
09:58:03 [INFO]   [北大核心+CSSCI] 河北学刊
09:58:03 [INFO]   [北大核心+CSSCI] 治理研究
09:58:03 [INFO]   [北大核心+CSSCI] 法制与社会发展
09:58:03 [INFO]   [北大核心+CSSCI] 法商研究
09:58:03 [INFO]   [北大核心+CSSCI] 法学
09:58:03 [INFO]   [北大核心+CSSCI] 法学家
09:58:03 [INFO]   [北大核心+CSSCI] 法学研究
09:58:03 [INFO]   [北大核心+CSSCI] 法学论坛
09:58:03 [INFO]   [北大核心+CSSCI] 法学评论
09:58:03 [INFO]   [北大核心+CSSCI] 法律适用
09:58:03 [INFO]   [北大核心+CSSCI] 浙江学刊
09:58:03 [INFO]   [北大核心+CSSCI] 浙江工商大学学报
09:58:03 [INFO]   [北大核心+CSSCI] 浙江社会科学
09:58:03 [INFO]   [北大核心+CSSCI] 清华大学教育研究
09:58:03 [INFO]   [北大核心+CSSCI] 清华法学
09:58:03 [INFO]   [北大核心+CSSCI] 清史研究
09:58:03 [INFO]   [北大核心+CSSCI] 湖南师范大学教育科学学报
09:58:03 [INFO]   [北大核心+CSSCI] 湖南师范大学社会科学学报
09:58:03 [INFO]   [北大核心+CSSCI] 环球法律评论
09:58:03 [INFO]   [北大核心+CSSCI] 现代中文学刊
09:58:03 [INFO]   [北大核心+CSSCI] 现代出版
09:58:03 [INFO]   [北大核心+CSSCI] 现代哲学
09:58:03 [INFO]   [北大核心+CSSCI] 现代国际关系
09:58:03 [INFO]   [北大核心+CSSCI] 现代外语
09:58:03 [INFO]   [北大核心+CSSCI] 现代大学教育
09:58:03 [INFO]   [北大核心+CSSCI] 现代情报
09:58:03 [INFO]   [北大核心+CSSCI] 现代日本经济
09:58:03 [INFO]   [北大核心+CSSCI] 现代法学
09:58:03 [INFO]   [北大核心+CSSCI] 现代经济探讨
09:58:03 [INFO]   [北大核心+CSSCI] 现代远程教育研究
09:58:03 [INFO]   [北大核心+CSSCI] 理论与改革
09:58:03 [INFO]   [北大核心+CSSCI] 理论学刊
09:58:03 [INFO]   [北大核心+CSSCI] 理论探索
09:58:03 [INFO]   [北大核心+CSSCI] 理论探讨
09:58:03 [INFO]   [北大核心+CSSCI] 甘肃社会科学
09:58:03 [INFO]   [北大核心+CSSCI] 电化教育研究
09:58:03 [INFO]   [北大核心+CSSCI] 电子政务
09:58:03 [INFO]   [北大核心+CSSCI] 电影艺术
09:58:03 [INFO]   [北大核心+CSSCI] 电视研究
09:58:03 [INFO]   [北大核心+CSSCI] 知识产权
09:58:03 [INFO]   [北大核心+CSSCI] 研究与发展管理
09:58:03 [INFO]   [北大核心+CSSCI] 研究生教育研究
09:58:03 [INFO]   [北大核心+CSSCI] 社会
09:58:03 [INFO]   [北大核心+CSSCI] 社会主义研究
09:58:03 [INFO]   [北大核心+CSSCI] 社会发展研究
09:58:03 [INFO]   [北大核心+CSSCI] 社会学研究
09:58:03 [INFO]   [北大核心+CSSCI] 社会学评论
09:58:03 [INFO]   [北大核心+CSSCI] 社会科学
09:58:03 [INFO]   [北大核心+CSSCI] 社会科学战线
09:58:03 [INFO]   [北大核心+CSSCI] 社会科学研究
09:58:03 [INFO]   [北大核心+CSSCI] 社会科学辑刊
09:58:03 [INFO]   [北大核心+CSSCI] 科学技术哲学研究
09:58:03 [INFO]   [北大核心+CSSCI] 科学社会主义
09:58:03 [INFO]   [北大核心+CSSCI] 科学管理研究
09:58:03 [INFO]   [北大核心+CSSCI] 科技与出版
09:58:03 [INFO]   [北大核心+CSSCI] 科技进步与对策
09:58:03 [INFO]   [北大核心+CSSCI] 税务研究
09:58:03 [INFO]   [北大核心+CSSCI] 管理世界
09:58:03 [INFO]   [北大核心+CSSCI] 管理学刊
09:58:03 [INFO]   [北大核心+CSSCI] 管理科学
09:58:03 [INFO]   [北大核心+CSSCI] 管理评论
09:58:03 [INFO]   [北大核心+CSSCI] 经济与管理研究
09:58:03 [INFO]   [北大核心+CSSCI] 经济体制改革
09:58:03 [INFO]   [北大核心+CSSCI] 经济学动态
09:58:03 [INFO]   [北大核心+CSSCI] 经济学家
09:58:03 [INFO]   [北大核心+CSSCI] 经济理论与经济管理
09:58:03 [INFO]   [北大核心+CSSCI] 经济研究
09:58:03 [INFO]   [北大核心+CSSCI] 经济社会体制比较
09:58:03 [INFO]   [北大核心+CSSCI] 经济科学
09:58:03 [INFO]   [北大核心+CSSCI] 经济管理
09:58:03 [INFO]   [北大核心+CSSCI] 经济纵横
09:58:03 [INFO]   [北大核心+CSSCI] 经济经纬
09:58:03 [INFO]   [北大核心+CSSCI] 经济评论
09:58:03 [INFO]   [北大核心+CSSCI] 经济问题
09:58:03 [INFO]   [北大核心+CSSCI] 经济问题探索
09:58:03 [INFO]   [北大核心+CSSCI] 统计与信息论坛
09:58:03 [INFO]   [北大核心+CSSCI] 统计与决策
09:58:03 [INFO]   [北大核心+CSSCI] 统计研究
09:58:03 [INFO]   [北大核心+CSSCI] 编辑之友
09:58:03 [INFO]   [北大核心+CSSCI] 编辑学报
09:58:03 [INFO]   [北大核心+CSSCI] 美国研究
09:58:03 [INFO]   [北大核心+CSSCI] 美术
09:58:03 [INFO]   [北大核心+CSSCI] 美术研究
09:58:03 [INFO]   [北大核心+CSSCI] 考古
09:58:03 [INFO]   [北大核心+CSSCI] 考古与文物
09:58:03 [INFO]   [北大核心+CSSCI] 考古学报
09:58:03 [INFO]   [北大核心+CSSCI] 自然科学史研究
09:58:03 [INFO]   [北大核心+CSSCI] 自然辩证法研究
09:58:03 [INFO]   [北大核心+CSSCI] 自然辩证法通讯
09:58:03 [INFO]   [北大核心+CSSCI] 艺术设计研究
09:58:03 [INFO]   [北大核心+CSSCI] 行政法学研究
09:58:03 [INFO]   [北大核心+CSSCI] 行政论坛
09:58:03 [INFO]   [北大核心+CSSCI] 装饰
09:58:03 [INFO]   [北大核心+CSSCI] 西亚非洲
09:58:03 [INFO]   [北大核心+CSSCI] 西北民族研究
09:58:03 [INFO]   [北大核心+CSSCI] 西域研究
09:58:03 [INFO]   [北大核心+CSSCI] 西安体育学院学报
09:58:03 [INFO]   [北大核心+CSSCI] 解放军外国语学院学报
09:58:03 [INFO]   [北大核心+CSSCI] 证券市场导报
09:58:03 [INFO]   [北大核心+CSSCI] 语文研究
09:58:03 [INFO]   [北大核心+CSSCI] 语言战略研究
09:58:03 [INFO]   [北大核心+CSSCI] 语言教学与研究
09:58:03 [INFO]   [北大核心+CSSCI] 语言文字应用
09:58:03 [INFO]   [北大核心+CSSCI] 语言研究
09:58:03 [INFO]   [北大核心+CSSCI] 语言科学
09:58:03 [INFO]   [北大核心+CSSCI] 课程·教材·教法
09:58:03 [INFO]   [北大核心+CSSCI] 财政研究
09:58:03 [INFO]   [北大核心+CSSCI] 财经理论与实践
09:58:03 [INFO]   [北大核心+CSSCI] 财经研究
09:58:03 [INFO]   [北大核心+CSSCI] 财经科学
09:58:03 [INFO]   [北大核心+CSSCI] 财经论丛
09:58:03 [INFO]   [北大核心+CSSCI] 财经问题研究
09:58:03 [INFO]   [北大核心+CSSCI] 财贸研究
09:58:03 [INFO]   [北大核心+CSSCI] 财贸经济
09:58:03 [INFO]   [北大核心+CSSCI] 贵州民族研究
09:58:03 [INFO]   [北大核心+CSSCI] 贵州社会科学
09:58:03 [INFO]   [北大核心+CSSCI] 贵州财经大学学报
09:58:03 [INFO]   [北大核心+CSSCI] 软科学
09:58:03 [INFO]   [北大核心+CSSCI] 近代史研究
09:58:03 [INFO]   [北大核心+CSSCI] 远程教育杂志
09:58:03 [INFO]   [北大核心+CSSCI] 道德与文明
09:58:03 [INFO]   [北大核心+CSSCI] 金融监管研究
09:58:03 [INFO]   [北大核心+CSSCI] 金融研究
09:58:03 [INFO]   [北大核心+CSSCI] 金融经济学研究
09:58:03 [INFO]   [北大核心+CSSCI] 金融论坛
09:58:03 [INFO]   [北大核心+CSSCI] 金融评论
09:58:03 [INFO]   [北大核心+CSSCI] 青年研究
09:58:03 [INFO]   [北大核心+CSSCI] 青海社会科学
09:58:03 [INFO]   [北大核心+CSSCI] 音乐研究
09:58:03 [INFO]   [北大核心+CSSCI] 马克思主义与现实
09:58:03 [INFO]   [北大核心+CSSCI] 马克思主义理论学科研究
09:58:03 [INFO]   [北大核心+CSSCI] 马克思主义研究
09:58:03 [INFO]   [北大核心+CSSCI] 高校教育管理
09:58:03 [INFO]   [北大核心+CSSCI] 高等工程教育研究
09:58:03 [INFO]   [北大核心+CSSCI] 高等教育研究
09:58:03 [INFO]   [北大核心+CSSCI] 鲁迅研究月刊
09:58:03 [INFO]   [北大核心+CSSCI] 齐鲁学刊
09:58:03 [INFO] 北大核心+CSCD 交集（不含三库）：618 种
09:58:03 [INFO]   [北大核心+CSCD] 上海交通大学学报
09:58:03 [INFO]   [北大核心+CSCD] 上海交通大学学报.医学版
09:58:03 [INFO]   [北大核心+CSCD] 上海海洋大学学报
09:58:03 [INFO]   [北大核心+CSCD] 世界林业研究
09:58:03 [INFO]   [北大核心+CSCD] 东北农业大学学报
09:58:03 [INFO]   [北大核心+CSCD] 东北大学学报.自然科学版
09:58:03 [INFO]   [北大核心+CSCD] 东南大学学报.自然科学版
09:58:03 [INFO]   [北大核心+CSCD] 丝绸
09:58:03 [INFO]   [北大核心+CSCD] 中医杂志
09:58:03 [INFO]   [北大核心+CSCD] 中华中医药杂志
09:58:03 [INFO]   [北大核心+CSCD] 中华临床营养杂志
09:58:03 [INFO]   [北大核心+CSCD] 中华传染病杂志
09:58:03 [INFO]   [北大核心+CSCD] 中华健康管理学杂志
09:58:03 [INFO]   [北大核心+CSCD] 中华儿科杂志
09:58:03 [INFO]   [北大核心+CSCD] 中华内分泌代谢杂志
09:58:03 [INFO]   [北大核心+CSCD] 中华内科杂志
09:58:03 [INFO]   [北大核心+CSCD] 中华创伤杂志
09:58:03 [INFO]   [北大核心+CSCD] 中华创伤骨科杂志
09:58:03 [INFO]   [北大核心+CSCD] 中华医学杂志
09:58:03 [INFO]   [北大核心+CSCD] 中华医学超声杂志(电子版)
09:58:03 [INFO]   [北大核心+CSCD] 中华危重病急救医学
09:58:03 [INFO]   [北大核心+CSCD] 中华口腔医学杂志
09:58:03 [INFO]   [北大核心+CSCD] 中华围产医学杂志
09:58:03 [INFO]   [北大核心+CSCD] 中华外科杂志
09:58:03 [INFO]   [北大核心+CSCD] 中华妇产科杂志
09:58:03 [INFO]   [北大核心+CSCD] 中华实用儿科临床杂志
09:58:03 [INFO]   [北大核心+CSCD] 中华小儿外科杂志
09:58:03 [INFO]   [北大核心+CSCD] 中华微生物学和免疫学杂志
09:58:03 [INFO]   [北大核心+CSCD] 中华心血管病杂志
09:58:03 [INFO]   [北大核心+CSCD] 中华急诊医学杂志
09:58:03 [INFO]   [北大核心+CSCD] 中华手外科杂志
09:58:03 [INFO]   [北大核心+CSCD] 中华护理杂志
09:58:03 [INFO]   [北大核心+CSCD] 中华放射医学与防护杂志
09:58:03 [INFO]   [北大核心+CSCD] 中华放射学杂志
09:58:03 [INFO]   [北大核心+CSCD] 中华放射肿瘤学杂志
09:58:03 [INFO]   [北大核心+CSCD] 中华整形外科杂志
09:58:03 [INFO]   [北大核心+CSCD] 中华显微外科杂志
09:58:03 [INFO]   [北大核心+CSCD] 中华检验医学杂志
09:58:03 [INFO]   [北大核心+CSCD] 中华泌尿外科杂志
09:58:03 [INFO]   [北大核心+CSCD] 中华流行病学杂志
09:58:03 [INFO]   [北大核心+CSCD] 中华消化外科杂志
09:58:03 [INFO]   [北大核心+CSCD] 中华消化杂志
09:58:03 [INFO]   [北大核心+CSCD] 中华烧伤与创面修复杂志
09:58:03 [INFO]   [北大核心+CSCD] 中华物理医学与康复杂志
09:58:03 [INFO]   [北大核心+CSCD] 中华疾病控制杂志
09:58:03 [INFO]   [北大核心+CSCD] 中华病理学杂志
09:58:03 [INFO]   [北大核心+CSCD] 中华皮肤科杂志
09:58:03 [INFO]   [北大核心+CSCD] 中华眼科杂志
09:58:03 [INFO]   [北大核心+CSCD] 中华神经医学杂志
09:58:03 [INFO]   [北大核心+CSCD] 中华神经外科杂志
09:58:03 [INFO]   [北大核心+CSCD] 中华神经科杂志
09:58:03 [INFO]   [北大核心+CSCD] 中华精神科杂志
09:58:03 [INFO]   [北大核心+CSCD] 中华糖尿病杂志
09:58:03 [INFO]   [北大核心+CSCD] 中华结核和呼吸杂志
09:58:03 [INFO]   [北大核心+CSCD] 中华老年医学杂志
09:58:03 [INFO]   [北大核心+CSCD] 中华耳科学杂志
09:58:03 [INFO]   [北大核心+CSCD] 中华耳鼻咽喉头颈外科杂志
09:58:03 [INFO]   [北大核心+CSCD] 中华肝胆外科杂志
09:58:03 [INFO]   [北大核心+CSCD] 中华肝脏病杂志
09:58:03 [INFO]   [北大核心+CSCD] 中华肾脏病杂志
09:58:03 [INFO]   [北大核心+CSCD] 中华肿瘤杂志
09:58:03 [INFO]   [北大核心+CSCD] 中华胃肠外科杂志
09:58:03 [INFO]   [北大核心+CSCD] 中华血液学杂志
09:58:03 [INFO]   [北大核心+CSCD] 中华超声影像学杂志
09:58:03 [INFO]   [北大核心+CSCD] 中华预防医学杂志
09:58:03 [INFO]   [北大核心+CSCD] 中华骨与关节外科杂志
09:58:03 [INFO]   [北大核心+CSCD] 中华骨科杂志
09:58:03 [INFO]   [北大核心+CSCD] 中华骨质疏松和骨矿盐疾病杂志
09:58:03 [INFO]   [北大核心+CSCD] 中南大学学报.医学版
09:58:03 [INFO]   [北大核心+CSCD] 中南大学学报.自然科学版
09:58:03 [INFO]   [北大核心+CSCD] 中南林业科技大学学报
09:58:03 [INFO]   [北大核心+CSCD] 中国中药杂志
09:58:03 [INFO]   [北大核心+CSCD] 中国中西医结合杂志
09:58:03 [INFO]   [北大核心+CSCD] 中国临床药理学与治疗学
09:58:03 [INFO]   [北大核心+CSCD] 中国人兽共患病学报
09:58:03 [INFO]   [北大核心+CSCD] 中国修复重建外科杂志
09:58:03 [INFO]   [北大核心+CSCD] 中国光学(中英文)
09:58:03 [INFO]   [北大核心+CSCD] 中国免疫学杂志
09:58:03 [INFO]   [北大核心+CSCD] 中国公共卫生
09:58:03 [INFO]   [北大核心+CSCD] 中国公路学报
09:58:03 [INFO]   [北大核心+CSCD] 中国农业大学学报
09:58:03 [INFO]   [北大核心+CSCD] 中国农业科学
09:58:03 [INFO]   [北大核心+CSCD] 中国农业资源与区划
09:58:03 [INFO]   [北大核心+CSCD] 中国医学影像学杂志
09:58:03 [INFO]   [北大核心+CSCD] 中国医学科学院学报
09:58:03 [INFO]   [北大核心+CSCD] 中国卫生政策研究
09:58:03 [INFO]   [北大核心+CSCD] 中国卫生统计
09:58:03 [INFO]   [北大核心+CSCD] 中国图象图形学报
09:58:03 [INFO]   [北大核心+CSCD] 中国土壤与肥料
09:58:03 [INFO]   [北大核心+CSCD] 中国地质
09:58:03 [INFO]   [北大核心+CSCD] 中国塑料
09:58:03 [INFO]   [北大核心+CSCD] 中国安全科学学报
09:58:03 [INFO]   [北大核心+CSCD] 中国实用儿科杂志
09:58:03 [INFO]   [北大核心+CSCD] 中国实用内科杂志
09:58:03 [INFO]   [北大核心+CSCD] 中国实用外科杂志
09:58:03 [INFO]   [北大核心+CSCD] 中国实用妇科与产科杂志
09:58:03 [INFO]   [北大核心+CSCD] 中国实验方剂学杂志
09:58:03 [INFO]   [北大核心+CSCD] 中国寄生虫学与寄生虫病杂志
09:58:03 [INFO]   [北大核心+CSCD] 中国工程科学
09:58:03 [INFO]   [北大核心+CSCD] 中国康复医学杂志
09:58:03 [INFO]   [北大核心+CSCD] 中国康复理论与实践
09:58:03 [INFO]   [北大核心+CSCD] 中国当代儿科杂志
09:58:03 [INFO]   [北大核心+CSCD] 中国循环杂志
09:58:03 [INFO]   [北大核心+CSCD] 中国循证儿科杂志
09:58:03 [INFO]   [北大核心+CSCD] 中国循证医学杂志
09:58:03 [INFO]   [北大核心+CSCD] 中国心理卫生杂志
09:58:03 [INFO]   [北大核心+CSCD] 中国惯性技术学报
09:58:03 [INFO]   [北大核心+CSCD] 中国感染与化疗杂志
09:58:03 [INFO]   [北大核心+CSCD] 中国感染控制杂志
09:58:03 [INFO]   [北大核心+CSCD] 中国慢性病预防与控制
09:58:03 [INFO]   [北大核心+CSCD] 中国抗生素杂志
09:58:03 [INFO]   [北大核心+CSCD] 中国护理管理
09:58:03 [INFO]   [北大核心+CSCD] 中国新药杂志
09:58:03 [INFO]   [北大核心+CSCD] 中国普通外科杂志
09:58:03 [INFO]   [北大核心+CSCD] 中国有色金属学报
09:58:03 [INFO]   [北大核心+CSCD] 中国机械工程
09:58:03 [INFO]   [北大核心+CSCD] 中国材料进展
09:58:03 [INFO]   [北大核心+CSCD] 中国水产科学
09:58:03 [INFO]   [北大核心+CSCD] 中国水土保持科学(中英文)
09:58:03 [INFO]   [北大核心+CSCD] 中国水稻科学
09:58:03 [INFO]   [北大核心+CSCD] 中国沙漠
09:58:03 [INFO]   [北大核心+CSCD] 中国油料作物学报
09:58:03 [INFO]   [北大核心+CSCD] 中国油脂
09:58:03 [INFO]   [北大核心+CSCD] 中国海上油气
09:58:03 [INFO]   [北大核心+CSCD] 中国海洋大学学报.自然科学版
09:58:03 [INFO]   [北大核心+CSCD] 中国激光
09:58:03 [INFO]   [北大核心+CSCD] 中国环境监测
09:58:03 [INFO]   [北大核心+CSCD] 中国环境科学
09:58:03 [INFO]   [北大核心+CSCD] 中国现代应用药学
09:58:03 [INFO]   [北大核心+CSCD] 中国生态农业学报(中英文)
09:58:03 [INFO]   [北大核心+CSCD] 中国生物医学工程学报
09:58:03 [INFO]   [北大核心+CSCD] 中国生物防治学报
09:58:03 [INFO]   [北大核心+CSCD] 中国电力
09:58:03 [INFO]   [北大核心+CSCD] 中国电机工程学报
09:58:03 [INFO]   [北大核心+CSCD] 中国畜牧兽医
09:58:03 [INFO]   [北大核心+CSCD] 中国疫苗和免疫
09:58:03 [INFO]   [北大核心+CSCD] 中国疼痛医学杂志
09:58:03 [INFO]   [北大核心+CSCD] 中国病原生物学杂志
09:58:03 [INFO]   [北大核心+CSCD] 中国病理生理杂志
09:58:03 [INFO]   [北大核心+CSCD] 中国癌症杂志
09:58:03 [INFO]   [北大核心+CSCD] 中国石油勘探
09:58:03 [INFO]   [北大核心+CSCD] 中国科学.信息科学
09:58:03 [INFO]   [北大核心+CSCD] 中国科学.化学
09:58:03 [INFO]   [北大核心+CSCD] 中国科学.地球科学
09:58:03 [INFO]   [北大核心+CSCD] 中国科学.技术科学
09:58:03 [INFO]   [北大核心+CSCD] 中国科学.数学
09:58:03 [INFO]   [北大核心+CSCD] 中国科学.生命科学
09:58:03 [INFO]   [北大核心+CSCD] 中国科学基金
09:58:03 [INFO]   [北大核心+CSCD] 中国稀土学报
09:58:03 [INFO]   [北大核心+CSCD] 中国粮油学报
09:58:03 [INFO]   [北大核心+CSCD] 中国糖尿病杂志
09:58:03 [INFO]   [北大核心+CSCD] 中国给水排水
09:58:03 [INFO]   [北大核心+CSCD] 中国肺癌杂志
09:58:03 [INFO]   [北大核心+CSCD] 中国肿瘤
09:58:03 [INFO]   [北大核心+CSCD] 中国肿瘤临床
09:58:03 [INFO]   [北大核心+CSCD] 中国脊柱脊髓杂志
09:58:03 [INFO]   [北大核心+CSCD] 中国脑血管病杂志
09:58:03 [INFO]   [北大核心+CSCD] 中国腐蚀与防护学报
09:58:03 [INFO]   [北大核心+CSCD] 中国舰船研究
09:58:03 [INFO]   [北大核心+CSCD] 中国艾滋病性病
09:58:03 [INFO]   [北大核心+CSCD] 中国草地学报
09:58:03 [INFO]   [北大核心+CSCD] 中国药学杂志
09:58:03 [INFO]   [北大核心+CSCD] 中国药理学通报
09:58:03 [INFO]   [北大核心+CSCD] 中国药科大学学报
09:58:03 [INFO]   [北大核心+CSCD] 中国表面工程
09:58:03 [INFO]   [北大核心+CSCD] 中国运动医学杂志
09:58:03 [INFO]   [北大核心+CSCD] 中国造船
09:58:03 [INFO]   [北大核心+CSCD] 中国针灸
09:58:03 [INFO]   [北大核心+CSCD] 中国铁道科学
09:58:03 [INFO]   [北大核心+CSCD] 中国防痨杂志
09:58:03 [INFO]   [北大核心+CSCD] 中国食品卫生杂志
09:58:03 [INFO]   [北大核心+CSCD] 中国食品学报
09:58:03 [INFO]   [北大核心+CSCD] 中国骨质疏松杂志
09:58:03 [INFO]   [北大核心+CSCD] 中山大学学报.医学科学版
09:58:03 [INFO]   [北大核心+CSCD] 中山大学学报.自然科学版(中英文)
09:58:03 [INFO]   [北大核心+CSCD] 中成药
09:58:03 [INFO]   [北大核心+CSCD] 中文信息学报
09:58:03 [INFO]   [北大核心+CSCD] 中草药
09:58:03 [INFO]   [北大核心+CSCD] 中药新药与临床药理
09:58:03 [INFO]   [北大核心+CSCD] 中药药理与临床
09:58:03 [INFO]   [北大核心+CSCD] 临床儿科杂志
09:58:03 [INFO]   [北大核心+CSCD] 临床耳鼻咽喉头颈外科杂志
09:58:03 [INFO]   [北大核心+CSCD] 交通运输工程学报
09:58:03 [INFO]   [北大核心+CSCD] 交通运输系统工程与信息
09:58:03 [INFO]   [北大核心+CSCD] 仪器仪表学报
09:58:03 [INFO]   [北大核心+CSCD] 作物学报
09:58:03 [INFO]   [北大核心+CSCD] 信号处理
09:58:03 [INFO]   [北大核心+CSCD] 信息与控制
09:58:03 [INFO]   [北大核心+CSCD] 储能科学与技术
09:58:03 [INFO]   [北大核心+CSCD] 光子学报
09:58:03 [INFO]   [北大核心+CSCD] 光学学报
09:58:03 [INFO]   [北大核心+CSCD] 光学精密工程
09:58:03 [INFO]   [北大核心+CSCD] 光电工程
09:58:03 [INFO]   [北大核心+CSCD] 光谱学与光谱分析
09:58:03 [INFO]   [北大核心+CSCD] 全球能源互联网
09:58:03 [INFO]   [北大核心+CSCD] 公路交通科技
09:58:03 [INFO]   [北大核心+CSCD] 兰州大学学报.自然科学版
09:58:03 [INFO]   [北大核心+CSCD] 兵器装备工程学报
09:58:03 [INFO]   [北大核心+CSCD] 兵工学报
09:58:03 [INFO]   [北大核心+CSCD] 内燃机学报
09:58:03 [INFO]   [北大核心+CSCD] 军事护理
09:58:03 [INFO]   [北大核心+CSCD] 农业工程学报
09:58:03 [INFO]   [北大核心+CSCD] 农业机械学报
09:58:03 [INFO]   [北大核心+CSCD] 农业环境科学学报
09:58:03 [INFO]   [北大核心+CSCD] 农业现代化研究
09:58:03 [INFO]   [北大核心+CSCD] 农业生物技术学报
09:58:03 [INFO]   [北大核心+CSCD] 农业资源与环境学报
09:58:03 [INFO]   [北大核心+CSCD] 农药学学报
09:58:03 [INFO]   [北大核心+CSCD] 分析化学
09:58:03 [INFO]   [北大核心+CSCD] 分析测试学报
09:58:03 [INFO]   [北大核心+CSCD] 制冷学报
09:58:03 [INFO]   [北大核心+CSCD] 力学学报
09:58:03 [INFO]   [北大核心+CSCD] 力学进展
09:58:03 [INFO]   [北大核心+CSCD] 功能材料
09:58:03 [INFO]   [北大核心+CSCD] 功能高分子学报
09:58:03 [INFO]   [北大核心+CSCD] 动力工程学报
09:58:03 [INFO]   [北大核心+CSCD] 动物营养学报
09:58:03 [INFO]   [北大核心+CSCD] 化学学报
09:58:03 [INFO]   [北大核心+CSCD] 化学进展
09:58:03 [INFO]   [北大核心+CSCD] 化工学报
09:58:03 [INFO]   [北大核心+CSCD] 化工进展
09:58:03 [INFO]   [北大核心+CSCD] 北京中医药大学学报
09:58:03 [INFO]   [北大核心+CSCD] 北京大学学报.医学版
09:58:03 [INFO]   [北大核心+CSCD] 北京大学学报.自然科学版
09:58:03 [INFO]   [北大核心+CSCD] 北京工业大学学报
09:58:03 [INFO]   [北大核心+CSCD] 北京师范大学学报.自然科学版
09:58:03 [INFO]   [北大核心+CSCD] 北京林业大学学报
09:58:03 [INFO]   [北大核心+CSCD] 北京理工大学学报
09:58:03 [INFO]   [北大核心+CSCD] 北京航空航天大学学报
09:58:03 [INFO]   [北大核心+CSCD] 医用生物力学
09:58:03 [INFO]   [北大核心+CSCD] 华中农业大学学报
09:58:03 [INFO]   [北大核心+CSCD] 华中科技大学学报.自然科学版
09:58:03 [INFO]   [北大核心+CSCD] 华北农学报
09:58:03 [INFO]   [北大核心+CSCD] 华南农业大学学报
09:58:03 [INFO]   [北大核心+CSCD] 华南理工大学学报.自然科学版
09:58:03 [INFO]   [北大核心+CSCD] 华西口腔医学杂志
09:58:03 [INFO]   [北大核心+CSCD] 协和医学杂志
09:58:03 [INFO]   [北大核心+CSCD] 南京中医药大学学报
09:58:03 [INFO]   [北大核心+CSCD] 南京农业大学学报
09:58:03 [INFO]   [北大核心+CSCD] 南京林业大学学报.自然科学版
09:58:03 [INFO]   [北大核心+CSCD] 南方医科大学学报
09:58:03 [INFO]   [北大核心+CSCD] 南方水产科学
09:58:03 [INFO]   [北大核心+CSCD] 南方电网技术
09:58:03 [INFO]   [北大核心+CSCD] 南水北调与水利科技(中英文)
09:58:03 [INFO]   [北大核心+CSCD] 卫生研究
09:58:03 [INFO]   [北大核心+CSCD] 原子能科学技术
09:58:03 [INFO]   [北大核心+CSCD] 发光学报
09:58:03 [INFO]   [北大核心+CSCD] 古地理学报
09:58:03 [INFO]   [北大核心+CSCD] 古生物学报
09:58:03 [INFO]   [北大核心+CSCD] 古脊椎动物学报(中英文)
09:58:03 [INFO]   [北大核心+CSCD] 可再生能源
09:58:03 [INFO]   [北大核心+CSCD] 合成生物学
09:58:03 [INFO]   [北大核心+CSCD] 吉林大学学报.地球科学版
09:58:03 [INFO]   [北大核心+CSCD] 吉林大学学报.工学版
09:58:03 [INFO]   [北大核心+CSCD] 同济大学学报.自然科学版
09:58:03 [INFO]   [北大核心+CSCD] 含能材料
09:58:03 [INFO]   [北大核心+CSCD] 听力学及言语疾病杂志
09:58:03 [INFO]   [北大核心+CSCD] 哈尔滨工业大学学报
09:58:03 [INFO]   [北大核心+CSCD] 哈尔滨工程大学学报
09:58:03 [INFO]   [北大核心+CSCD] 器官移植
09:58:03 [INFO]   [北大核心+CSCD] 噪声与振动控制
09:58:03 [INFO]   [北大核心+CSCD] 四川大学学报.医学版
09:58:03 [INFO]   [北大核心+CSCD] 园艺学报
09:58:03 [INFO]   [北大核心+CSCD] 固体力学学报
09:58:03 [INFO]   [北大核心+CSCD] 固体火箭技术
09:58:03 [INFO]   [北大核心+CSCD] 国防科技大学学报
09:58:03 [INFO]   [北大核心+CSCD] 国际口腔医学杂志
09:58:03 [INFO]   [北大核心+CSCD] 国际城市规划
09:58:03 [INFO]   [北大核心+CSCD] 图学学报
09:58:03 [INFO]   [北大核心+CSCD] 土壤
09:58:03 [INFO]   [北大核心+CSCD] 土壤学报
09:58:03 [INFO]   [北大核心+CSCD] 土壤通报
09:58:03 [INFO]   [北大核心+CSCD] 土木与环境工程学报(中英文)
09:58:03 [INFO]   [北大核心+CSCD] 土木工程学报
09:58:03 [INFO]   [北大核心+CSCD] 地下空间与工程学报
09:58:03 [INFO]   [北大核心+CSCD] 地学前缘
09:58:03 [INFO]   [北大核心+CSCD] 地球与环境
09:58:03 [INFO]   [北大核心+CSCD] 地球信息科学学报
09:58:03 [INFO]   [北大核心+CSCD] 地球化学
09:58:03 [INFO]   [北大核心+CSCD] 地球学报
09:58:03 [INFO]   [北大核心+CSCD] 地球物理学报
09:58:03 [INFO]   [北大核心+CSCD] 地球物理学进展
09:58:03 [INFO]   [北大核心+CSCD] 地球科学
09:58:03 [INFO]   [北大核心+CSCD] 地球科学进展
09:58:03 [INFO]   [北大核心+CSCD] 地理与地理信息科学
09:58:03 [INFO]   [北大核心+CSCD] 地理学报
09:58:03 [INFO]   [北大核心+CSCD] 地质力学学报
09:58:03 [INFO]   [北大核心+CSCD] 地质学报
09:58:03 [INFO]   [北大核心+CSCD] 地质科学
09:58:03 [INFO]   [北大核心+CSCD] 地质论评
09:58:03 [INFO]   [北大核心+CSCD] 地质通报
09:58:03 [INFO]   [北大核心+CSCD] 地震地质
09:58:03 [INFO]   [北大核心+CSCD] 地震学报
09:58:03 [INFO]   [北大核心+CSCD] 地震工程与工程振动
09:58:03 [INFO]   [北大核心+CSCD] 地震工程学报
09:58:03 [INFO]   [北大核心+CSCD] 塑性工程学报
09:58:03 [INFO]   [北大核心+CSCD] 塑料工业
09:58:03 [INFO]   [北大核心+CSCD] 声学学报
09:58:03 [INFO]   [北大核心+CSCD] 复合材料学报
09:58:03 [INFO]   [北大核心+CSCD] 复旦学报.医学版
09:58:03 [INFO]   [北大核心+CSCD] 复杂系统与复杂性科学
09:58:03 [INFO]   [北大核心+CSCD] 大地构造与成矿学
09:58:03 [INFO]   [北大核心+CSCD] 大地测量与地球动力学
09:58:03 [INFO]   [北大核心+CSCD] 大气科学
09:58:03 [INFO]   [北大核心+CSCD] 大气科学学报
09:58:03 [INFO]   [北大核心+CSCD] 大连海洋大学学报
09:58:03 [INFO]   [北大核心+CSCD] 大连理工大学学报
09:58:03 [INFO]   [北大核心+CSCD] 天文学报
09:58:03 [INFO]   [北大核心+CSCD] 天文学进展
09:58:03 [INFO]   [北大核心+CSCD] 天津大学学报.自然科学与工程技术版
09:58:03 [INFO]   [北大核心+CSCD] 天然产物研究与开发
09:58:03 [INFO]   [北大核心+CSCD] 天然气地球科学
09:58:03 [INFO]   [北大核心+CSCD] 天然气工业
09:58:03 [INFO]   [北大核心+CSCD] 宇航学报
09:58:03 [INFO]   [北大核心+CSCD] 宇航材料工艺
09:58:03 [INFO]   [北大核心+CSCD] 安全与环境学报
09:58:03 [INFO]   [北大核心+CSCD] 实验力学
09:58:03 [INFO]   [北大核心+CSCD] 实验流体力学
09:58:03 [INFO]   [北大核心+CSCD] 山东大学学报.工学版
09:58:03 [INFO]   [北大核心+CSCD] 山地学报
09:58:03 [INFO]   [北大核心+CSCD] 岩土力学
09:58:03 [INFO]   [北大核心+CSCD] 岩土工程学报
09:58:03 [INFO]   [北大核心+CSCD] 岩性油气藏
09:58:03 [INFO]   [北大核心+CSCD] 岩石力学与工程学报
09:58:03 [INFO]   [北大核心+CSCD] 岩石学报
09:58:03 [INFO]   [北大核心+CSCD] 岩石矿物学杂志
09:58:03 [INFO]   [北大核心+CSCD] 岩矿测试
09:58:03 [INFO]   [北大核心+CSCD] 工业水处理
09:58:03 [INFO]   [北大核心+CSCD] 工程力学
09:58:03 [INFO]   [北大核心+CSCD] 工程地质学报
09:58:03 [INFO]   [北大核心+CSCD] 工程热物理学报
09:58:03 [INFO]   [北大核心+CSCD] 工程科学与技术
09:58:03 [INFO]   [北大核心+CSCD] 工程科学学报
09:58:03 [INFO]   [北大核心+CSCD] 干旱区地理
09:58:03 [INFO]   [北大核心+CSCD] 干旱区研究
09:58:03 [INFO]   [北大核心+CSCD] 干旱地区农业研究
09:58:03 [INFO]   [北大核心+CSCD] 应用与环境生物学报
09:58:03 [INFO]   [北大核心+CSCD] 应用化学
09:58:03 [INFO]   [北大核心+CSCD] 应用基础与工程科学学报
09:58:03 [INFO]   [北大核心+CSCD] 应用数学学报
09:58:03 [INFO]   [北大核心+CSCD] 应用昆虫学报
09:58:03 [INFO]   [北大核心+CSCD] 应用气象学报
09:58:03 [INFO]   [北大核心+CSCD] 应用生态学报
09:58:03 [INFO]   [北大核心+CSCD] 建筑材料学报
09:58:03 [INFO]   [北大核心+CSCD] 建筑结构学报
09:58:03 [INFO]   [北大核心+CSCD] 弹道学报
09:58:03 [INFO]   [北大核心+CSCD] 强激光与粒子束
09:58:03 [INFO]   [北大核心+CSCD] 微生物学报
09:58:03 [INFO]   [北大核心+CSCD] 微生物学通报
09:58:03 [INFO]   [北大核心+CSCD] 成都理工大学学报.自然科学版
09:58:03 [INFO]   [北大核心+CSCD] 战术导弹技术
09:58:03 [INFO]   [北大核心+CSCD] 指挥与控制学报
09:58:03 [INFO]   [北大核心+CSCD] 振动、测试与诊断
09:58:03 [INFO]   [北大核心+CSCD] 振动与冲击
09:58:03 [INFO]   [北大核心+CSCD] 振动工程学报
09:58:03 [INFO]   [北大核心+CSCD] 排灌机械工程学报
09:58:03 [INFO]   [北大核心+CSCD] 控制与决策
09:58:03 [INFO]   [北大核心+CSCD] 控制理论与应用
09:58:03 [INFO]   [北大核心+CSCD] 推进技术
09:58:03 [INFO]   [北大核心+CSCD] 放射学实践
09:58:03 [INFO]   [北大核心+CSCD] 数学学报
09:58:03 [INFO]   [北大核心+CSCD] 断块油气田
09:58:03 [INFO]   [北大核心+CSCD] 新型炭材料(中英文)
09:58:03 [INFO]   [北大核心+CSCD] 新疆石油地质
09:58:03 [INFO]   [北大核心+CSCD] 新能源进展
09:58:03 [INFO]   [北大核心+CSCD] 无机材料学报
09:58:03 [INFO]   [北大核心+CSCD] 昆虫学报
09:58:03 [INFO]   [北大核心+CSCD] 智能系统学报
09:58:03 [INFO]   [北大核心+CSCD] 机器人
09:58:03 [INFO]   [北大核心+CSCD] 机械工程学报
09:58:03 [INFO]   [北大核心+CSCD] 机械工程材料
09:58:03 [INFO]   [北大核心+CSCD] 材料导报
09:58:03 [INFO]   [北大核心+CSCD] 材料工程
09:58:03 [INFO]   [北大核心+CSCD] 材料热处理学报
09:58:03 [INFO]   [北大核心+CSCD] 材料研究学报
09:58:03 [INFO]   [北大核心+CSCD] 材料科学与工艺
09:58:03 [INFO]   [北大核心+CSCD] 极地研究
09:58:03 [INFO]   [北大核心+CSCD] 林业工程学报
09:58:03 [INFO]   [北大核心+CSCD] 林业科学
09:58:03 [INFO]   [北大核心+CSCD] 林业科学研究
09:58:03 [INFO]   [北大核心+CSCD] 林产化学与工业
09:58:03 [INFO]   [北大核心+CSCD] 果树学报
09:58:03 [INFO]   [北大核心+CSCD] 核动力工程
09:58:03 [INFO]   [北大核心+CSCD] 核化学与放射化学
09:58:03 [INFO]   [北大核心+CSCD] 核技术
09:58:03 [INFO]   [北大核心+CSCD] 桥梁建设
09:58:03 [INFO]   [北大核心+CSCD] 棉花学报
09:58:03 [INFO]   [北大核心+CSCD] 森林与环境学报
09:58:03 [INFO]   [北大核心+CSCD] 植物保护
09:58:03 [INFO]   [北大核心+CSCD] 植物保护学报
09:58:03 [INFO]   [北大核心+CSCD] 植物生态学报
09:58:03 [INFO]   [北大核心+CSCD] 植物生理学报
09:58:03 [INFO]   [北大核心+CSCD] 植物病理学报
09:58:03 [INFO]   [北大核心+CSCD] 植物研究
09:58:03 [INFO]   [北大核心+CSCD] 植物科学学报
09:58:03 [INFO]   [北大核心+CSCD] 植物营养与肥料学报
09:58:03 [INFO]   [北大核心+CSCD] 植物资源与环境学报
09:58:03 [INFO]   [北大核心+CSCD] 植物遗传资源学报
09:58:03 [INFO]   [北大核心+CSCD] 模式识别与人工智能
09:58:03 [INFO]   [北大核心+CSCD] 武汉大学学报.信息科学版
09:58:03 [INFO]   [北大核心+CSCD] 武汉大学学报.工学版
09:58:03 [INFO]   [北大核心+CSCD] 武汉大学学报.理学版
09:58:03 [INFO]   [北大核心+CSCD] 气候与环境研究
09:58:03 [INFO]   [北大核心+CSCD] 气候变化研究进展
09:58:03 [INFO]   [北大核心+CSCD] 气象
09:58:03 [INFO]   [北大核心+CSCD] 气象学报
09:58:03 [INFO]   [北大核心+CSCD] 水产学报
09:58:03 [INFO]   [北大核心+CSCD] 水利学报
09:58:03 [INFO]   [北大核心+CSCD] 水利水电科技进展
09:58:03 [INFO]   [北大核心+CSCD] 水力发电学报
09:58:03 [INFO]   [北大核心+CSCD] 水土保持学报
09:58:03 [INFO]   [北大核心+CSCD] 水土保持研究
09:58:03 [INFO]   [北大核心+CSCD] 水文地质工程地质
09:58:03 [INFO]   [北大核心+CSCD] 水生态学杂志
09:58:03 [INFO]   [北大核心+CSCD] 水生生物学报
09:58:03 [INFO]   [北大核心+CSCD] 水科学进展
09:58:03 [INFO]   [北大核心+CSCD] 水资源与水工程学报
09:58:03 [INFO]   [北大核心+CSCD] 水资源保护
09:58:03 [INFO]   [北大核心+CSCD] 江苏农业学报
09:58:03 [INFO]   [北大核心+CSCD] 江西农业大学学报
09:58:03 [INFO]   [北大核心+CSCD] 汽车安全与节能学报
09:58:03 [INFO]   [北大核心+CSCD] 汽车工程
09:58:03 [INFO]   [北大核心+CSCD] 沉积学报
09:58:03 [INFO]   [北大核心+CSCD] 河南农业大学学报
09:58:03 [INFO]   [北大核心+CSCD] 河海大学学报.自然科学版
09:58:03 [INFO]   [北大核心+CSCD] 油气地质与采收率
09:58:03 [INFO]   [北大核心+CSCD] 油气藏评价与开发
09:58:03 [INFO]   [北大核心+CSCD] 泥沙研究
09:58:03 [INFO]   [北大核心+CSCD] 洁净煤技术
09:58:03 [INFO]   [北大核心+CSCD] 测绘学报
09:58:03 [INFO]   [北大核心+CSCD] 测绘科学
09:58:03 [INFO]   [北大核心+CSCD] 测绘通报
09:58:03 [INFO]   [北大核心+CSCD] 浙江农林大学学报
09:58:03 [INFO]   [北大核心+CSCD] 浙江大学学报.农业与生命科学版
09:58:03 [INFO]   [北大核心+CSCD] 浙江大学学报.医学版
09:58:03 [INFO]   [北大核心+CSCD] 浙江大学学报.工学版
09:58:03 [INFO]   [北大核心+CSCD] 浙江大学学报.理学版
09:58:03 [INFO]   [北大核心+CSCD] 海军军医大学学报
09:58:03 [INFO]   [北大核心+CSCD] 海洋与湖沼
09:58:03 [INFO]   [北大核心+CSCD] 海洋地质与第四纪地质
09:58:03 [INFO]   [北大核心+CSCD] 海洋地质前沿
09:58:03 [INFO]   [北大核心+CSCD] 海洋学报
09:58:03 [INFO]   [北大核心+CSCD] 海洋工程
09:58:03 [INFO]   [北大核心+CSCD] 海洋渔业
09:58:03 [INFO]   [北大核心+CSCD] 海洋环境科学
09:58:03 [INFO]   [北大核心+CSCD] 海洋科学
09:58:03 [INFO]   [北大核心+CSCD] 海洋科学进展
09:58:03 [INFO]   [北大核心+CSCD] 海洋通报
09:58:03 [INFO]   [北大核心+CSCD] 海相油气地质
09:58:03 [INFO]   [北大核心+CSCD] 深空探测学报(中英文)
09:58:03 [INFO]   [北大核心+CSCD] 清华大学学报.自然科学版
09:58:03 [INFO]   [北大核心+CSCD] 渔业科学进展
09:58:03 [INFO]   [北大核心+CSCD] 湖南大学学报.自然科学版
09:58:03 [INFO]   [北大核心+CSCD] 湖泊科学
09:58:03 [INFO]   [北大核心+CSCD] 湿地科学
09:58:03 [INFO]   [北大核心+CSCD] 激光与光电子学进展
09:58:03 [INFO]   [北大核心+CSCD] 火炸药学报
09:58:03 [INFO]   [北大核心+CSCD] 灾害学
09:58:03 [INFO]   [北大核心+CSCD] 烟草科技
09:58:03 [INFO]   [北大核心+CSCD] 热力发电
09:58:03 [INFO]   [北大核心+CSCD] 热带地理
09:58:03 [INFO]   [北大核心+CSCD] 热带海洋学报
09:58:03 [INFO]   [北大核心+CSCD] 焊接学报
09:58:03 [INFO]   [北大核心+CSCD] 煤炭学报
09:58:03 [INFO]   [北大核心+CSCD] 煤炭科学技术
09:58:03 [INFO]   [北大核心+CSCD] 煤炭转化
09:58:03 [INFO]   [北大核心+CSCD] 煤田地质与勘探
09:58:03 [INFO]   [北大核心+CSCD] 燃料化学学报(中英文)
09:58:03 [INFO]   [北大核心+CSCD] 燃烧科学与技术
09:58:03 [INFO]   [北大核心+CSCD] 爆炸与冲击
09:58:03 [INFO]   [北大核心+CSCD] 物理化学学报
09:58:03 [INFO]   [北大核心+CSCD] 物理学报
09:58:03 [INFO]   [北大核心+CSCD] 特种油气藏
09:58:03 [INFO]   [北大核心+CSCD] 玉米科学
09:58:03 [INFO]   [北大核心+CSCD] 环境与职业医学
09:58:03 [INFO]   [北大核心+CSCD] 环境化学
09:58:03 [INFO]   [北大核心+CSCD] 环境工程技术学报
09:58:03 [INFO]   [北大核心+CSCD] 环境科学
09:58:03 [INFO]   [北大核心+CSCD] 环境科学与技术
09:58:03 [INFO]   [北大核心+CSCD] 环境科学学报
09:58:03 [INFO]   [北大核心+CSCD] 环境科学研究
09:58:03 [INFO]   [北大核心+CSCD] 现代地质
09:58:03 [INFO]   [北大核心+CSCD] 现代隧道技术
09:58:03 [INFO]   [北大核心+CSCD] 生态与农村环境学报
09:58:03 [INFO]   [北大核心+CSCD] 生态学报
09:58:03 [INFO]   [北大核心+CSCD] 生态学杂志
09:58:03 [INFO]   [北大核心+CSCD] 生态环境学报
09:58:03 [INFO]   [北大核心+CSCD] 生态科学
09:58:03 [INFO]   [北大核心+CSCD] 生物多样性
09:58:03 [INFO]   [北大核心+CSCD] 生物工程学报
09:58:03 [INFO]   [北大核心+CSCD] 生物技术通报
09:58:03 [INFO]   [北大核心+CSCD] 生理学报
09:58:03 [INFO]   [北大核心+CSCD] 电力建设
09:58:03 [INFO]   [北大核心+CSCD] 电力系统保护与控制
09:58:03 [INFO]   [北大核心+CSCD] 电力系统及其自动化学报
09:58:03 [INFO]   [北大核心+CSCD] 电力系统自动化
09:58:03 [INFO]   [北大核心+CSCD] 电力自动化设备
09:58:03 [INFO]   [北大核心+CSCD] 电子与信息学报
09:58:03 [INFO]   [北大核心+CSCD] 电子学报
09:58:03 [INFO]   [北大核心+CSCD] 电子测量与仪器学报
09:58:03 [INFO]   [北大核心+CSCD] 电子科技大学学报
09:58:03 [INFO]   [北大核心+CSCD] 电工技术学报
09:58:03 [INFO]   [北大核心+CSCD] 电机与控制学报
09:58:03 [INFO]   [北大核心+CSCD] 电网与清洁能源
09:58:03 [INFO]   [北大核心+CSCD] 电网技术
09:58:03 [INFO]   [北大核心+CSCD] 畜牧兽医学报
09:58:03 [INFO]   [北大核心+CSCD] 疾病监测
09:58:03 [INFO]   [北大核心+CSCD] 病毒学报
09:58:03 [INFO]   [北大核心+CSCD] 石油与天然气地质
09:58:03 [INFO]   [北大核心+CSCD] 石油勘探与开发
09:58:03 [INFO]   [北大核心+CSCD] 石油化工
09:58:03 [INFO]   [北大核心+CSCD] 石油地球物理勘探
09:58:03 [INFO]   [北大核心+CSCD] 石油学报
09:58:03 [INFO]   [北大核心+CSCD] 石油实验地质
09:58:03 [INFO]   [北大核心+CSCD] 石油物探
09:58:03 [INFO]   [北大核心+CSCD] 矿业科学学报
09:58:03 [INFO]   [北大核心+CSCD] 矿床地质
09:58:03 [INFO]   [北大核心+CSCD] 矿物学报
09:58:03 [INFO]   [北大核心+CSCD] 矿物岩石地球化学通报
09:58:03 [INFO]   [北大核心+CSCD] 硅酸盐学报
09:58:03 [INFO]   [北大核心+CSCD] 磁共振成像
09:58:03 [INFO]   [北大核心+CSCD] 科学通报
09:58:03 [INFO]   [北大核心+CSCD] 科技导报
09:58:03 [INFO]   [北大核心+CSCD] 稀有金属
09:58:03 [INFO]   [北大核心+CSCD] 稀有金属材料与工程
09:58:03 [INFO]   [北大核心+CSCD] 空天技术
09:58:03 [INFO]   [北大核心+CSCD] 空气动力学学报
09:58:03 [INFO]   [北大核心+CSCD] 空间控制技术与应用
09:58:03 [INFO]   [北大核心+CSCD] 空间科学学报
09:58:03 [INFO]   [北大核心+CSCD] 第四纪研究
09:58:03 [INFO]   [北大核心+CSCD] 精细化工
09:58:03 [INFO]   [北大核心+CSCD] 系统仿真学报
09:58:03 [INFO]   [北大核心+CSCD] 系统工程与电子技术
09:58:03 [INFO]   [北大核心+CSCD] 系统工程学报
09:58:03 [INFO]   [北大核心+CSCD] 系统科学与数学
09:58:03 [INFO]   [北大核心+CSCD] 系统管理学报
09:58:03 [INFO]   [北大核心+CSCD] 红外与毫米波学报
09:58:03 [INFO]   [北大核心+CSCD] 红外与激光工程
09:58:03 [INFO]   [北大核心+CSCD] 红外技术
09:58:03 [INFO]   [北大核心+CSCD] 纺织学报
09:58:03 [INFO]   [北大核心+CSCD] 给水排水
09:58:03 [INFO]   [北大核心+CSCD] 膜科学与技术
09:58:03 [INFO]   [北大核心+CSCD] 自动化学报
09:58:03 [INFO]   [北大核心+CSCD] 自然灾害学报
09:58:03 [INFO]   [北大核心+CSCD] 自然资源遥感
09:58:03 [INFO]   [北大核心+CSCD] 航天器工程
09:58:03 [INFO]   [北大核心+CSCD] 航天返回与遥感
09:58:03 [INFO]   [北大核心+CSCD] 航空兵器
09:58:03 [INFO]   [北大核心+CSCD] 航空制造技术
09:58:03 [INFO]   [北大核心+CSCD] 航空动力学报
09:58:03 [INFO]   [北大核心+CSCD] 航空学报
09:58:03 [INFO]   [北大核心+CSCD] 航空材料学报
09:58:03 [INFO]   [北大核心+CSCD] 色谱
09:58:03 [INFO]   [北大核心+CSCD] 茶叶科学
09:58:03 [INFO]   [北大核心+CSCD] 草业学报
09:58:03 [INFO]   [北大核心+CSCD] 草业科学
09:58:03 [INFO]   [北大核心+CSCD] 草地学报
09:58:03 [INFO]   [北大核心+CSCD] 药学学报
09:58:03 [INFO]   [北大核心+CSCD] 药物分析杂志
09:58:03 [INFO]   [北大核心+CSCD] 菌物学报
09:58:03 [INFO]   [北大核心+CSCD] 营养学报
09:58:03 [INFO]   [北大核心+CSCD] 表面技术
09:58:03 [INFO]   [北大核心+CSCD] 西北农业学报
09:58:03 [INFO]   [北大核心+CSCD] 西北农林科技大学学报.自然科学版
09:58:03 [INFO]   [北大核心+CSCD] 西北大学学报.自然科学版
09:58:03 [INFO]   [北大核心+CSCD] 西北工业大学学报
09:58:03 [INFO]   [北大核心+CSCD] 西北林学院学报
09:58:03 [INFO]   [北大核心+CSCD] 西北植物学报
09:58:03 [INFO]   [北大核心+CSCD] 西南交通大学学报
09:58:03 [INFO]   [北大核心+CSCD] 西安交通大学学报
09:58:03 [INFO]   [北大核心+CSCD] 西安交通大学学报.医学版
09:58:03 [INFO]   [北大核心+CSCD] 西安电子科技大学学报
09:58:03 [INFO]   [北大核心+CSCD] 解放军医学杂志
09:58:03 [INFO]   [北大核心+CSCD] 计算力学学报
09:58:03 [INFO]   [北大核心+CSCD] 计算数学
09:58:03 [INFO]   [北大核心+CSCD] 计算机学报
09:58:03 [INFO]   [北大核心+CSCD] 计算机工程
09:58:03 [INFO]   [北大核心+CSCD] 计算机研究与发展
09:58:03 [INFO]   [北大核心+CSCD] 计算机科学
09:58:03 [INFO]   [北大核心+CSCD] 计算机辅助设计与图形学学报
09:58:03 [INFO]   [北大核心+CSCD] 计算机集成制造系统
09:58:03 [INFO]   [北大核心+CSCD] 质谱学报
09:58:03 [INFO]   [北大核心+CSCD] 软件学报
09:58:03 [INFO]   [北大核心+CSCD] 载人航天
09:58:03 [INFO]   [北大核心+CSCD] 辐射防护
09:58:03 [INFO]   [北大核心+CSCD] 过程工程学报
09:58:03 [INFO]   [北大核心+CSCD] 通信学报
09:58:03 [INFO]   [北大核心+CSCD] 遗传
09:58:03 [INFO]   [北大核心+CSCD] 遥感信息
09:58:03 [INFO]   [北大核心+CSCD] 遥感学报
09:58:03 [INFO]   [北大核心+CSCD] 遥感技术与应用
09:58:03 [INFO]   [北大核心+CSCD] 采矿与安全工程学报
09:58:03 [INFO]   [北大核心+CSCD] 重庆大学学报
09:58:03 [INFO]   [北大核心+CSCD] 金属学报
09:58:03 [INFO]   [北大核心+CSCD] 针刺研究
09:58:03 [INFO]   [北大核心+CSCD] 钢铁
09:58:03 [INFO]   [北大核心+CSCD] 钢铁研究学报
09:58:03 [INFO]   [北大核心+CSCD] 铁道学报
09:58:03 [INFO]   [北大核心+CSCD] 铁道工程学报
09:58:03 [INFO]   [北大核心+CSCD] 铁道科学与工程学报
09:58:03 [INFO]   [北大核心+CSCD] 长安大学学报.自然科学版
09:58:03 [INFO]   [北大核心+CSCD] 长江科学院院报
09:58:03 [INFO]   [北大核心+CSCD] 防灾减灾工程学报
09:58:03 [INFO]   [北大核心+CSCD] 陆军军医大学学报
09:58:03 [INFO]   [北大核心+CSCD] 隧道建设(中英文)
09:58:03 [INFO]   [北大核心+CSCD] 食品与发酵工业
09:58:03 [INFO]   [北大核心+CSCD] 食品科学
09:58:03 [INFO]   [北大核心+CSCD] 食品科学技术学报
09:58:03 [INFO]   [北大核心+CSCD] 高分子学报
09:58:03 [INFO]   [北大核心+CSCD] 高分子材料科学与工程
09:58:03 [INFO]   [北大核心+CSCD] 高分子通报
09:58:03 [INFO]   [北大核心+CSCD] 高压物理学报
09:58:03 [INFO]   [北大核心+CSCD] 高压电器
09:58:03 [INFO]   [北大核心+CSCD] 高原气象
09:58:03 [INFO]   [北大核心+CSCD] 高校化学工程学报
09:58:03 [INFO]   [北大核心+CSCD] 高电压技术
09:58:03 [INFO]   [北大核心+CSCD] 高等学校化学学报
09:58:03 [INFO]   [北大核心+CSCD] 麦类作物学报
09:58:03 [INFO] CSSCI+CSCD 交集（不含三库）：0 种
09:58:03 [INFO] 仅在 北大核心：895 种
09:58:03 [INFO] 仅在 CSSCI：186 种
09:58:03 [INFO] 仅在 CSCD：474 种
09:58:03 [INFO] 导出结果到：D:\My_Project\期刊数据库交集\Journal_database_intersection\期刊交集分析_结果.xlsx
09:58:03 [INFO] 已写入工作表：统计摘要
09:58:03 [INFO] 已写入工作表：三库交集（28 种）
09:58:03 [INFO] 已写入工作表：北大核心+CSSCI（446 种）
09:58:03 [INFO] 已写入工作表：北大核心+CSCD（618 种）
09:58:03 [INFO] 已写入工作表：仅单库收录（1555 种）
09:58:04 [INFO] Excel 已保存：D:\My_Project\期刊数据库交集\Journal_database_intersection\期刊交集分析_结果.xlsx
09:58:04 [INFO] ==================================================
09:58:04 [INFO] 分析完成！
