09:53:46 [INFO] ==================================================
09:53:46 [INFO] 开始分析，共 3 个文件
09:53:46 [INFO] 处理文件：1.北大核心期刊目录2023版（2024.03至今）.xlsx
09:53:46 [INFO] 北大核心：解析完成，有效期刊数 1987
09:53:46 [DEBUG] 缓存已更新：D:\My_Project\期刊数据库交集\1.北大核心期刊目录2023版（2024.03至今）.xlsx
09:53:46 [INFO] 处理文件：2.中文社会科学引文索引CSSCI2025-2026版.xlsx
09:53:46 [INFO] CSSCI：解析完成，有效期刊数（主刊，已排除扩展版）660
09:53:46 [DEBUG] 缓存已更新：D:\My_Project\期刊数据库交集\2.中文社会科学引文索引CSSCI2025-2026版.xlsx
09:53:46 [INFO] 处理文件：3.中国科学引文数据库（CSCD）来源期刊列表（2025—2026）目录.pdf
09:53:47 [INFO] CSCD：解析完成，总条目 0，跳过扩展库 0，有效核心库期刊数 0
09:53:47 [DEBUG] 缓存已更新：D:\My_Project\期刊数据库交集\3.中国科学引文数据库（CSCD）来源期刊列表（2025—2026）目录.pdf
09:53:47 [INFO] 开始计算交集...
09:53:47 [INFO] 各库有效期刊数：北大核心=1987, CSSCI=660
09:53:47 [INFO] 北大核心+CSSCI 交集（不含三库）：474 种
09:53:47 [INFO]   [北大核心+CSSCI] 上海体育学院学报
09:53:47 [INFO]   [北大核心+CSSCI] 上海经济研究
09:53:47 [INFO]   [北大核心+CSSCI] 上海翻译
09:53:47 [INFO]   [北大核心+CSSCI] 上海行政学院学报
09:53:47 [INFO]   [北大核心+CSSCI] 世界历史
09:53:47 [INFO]   [北大核心+CSSCI] 世界哲学
09:53:47 [INFO]   [北大核心+CSSCI] 世界宗教文化
09:53:47 [INFO]   [北大核心+CSSCI] 世界宗教研究
09:53:47 [INFO]   [北大核心+CSSCI] 世界民族
09:53:47 [INFO]   [北大核心+CSSCI] 世界汉语教学
09:53:47 [INFO]   [北大核心+CSSCI] 世界社会科学
09:53:47 [INFO]   [北大核心+CSSCI] 世界经济
09:53:47 [INFO]   [北大核心+CSSCI] 世界经济与政治
09:53:47 [INFO]   [北大核心+CSSCI] 世界经济与政治论坛
09:53:47 [INFO]   [北大核心+CSSCI] 世界经济文汇
09:53:47 [INFO]   [北大核心+CSSCI] 世界经济研究
09:53:47 [INFO]   [北大核心+CSSCI] 东北亚论坛
09:53:47 [INFO]   [北大核心+CSSCI] 东南学术
09:53:47 [INFO]   [北大核心+CSSCI] 东南文化
09:53:47 [INFO]   [北大核心+CSSCI] 东岳论丛
09:53:47 [INFO]   [北大核心+CSSCI] 东方法学
09:53:47 [INFO]   [北大核心+CSSCI] 中共党史研究
09:53:47 [INFO]   [北大核心+CSSCI] 中南财经政法大学学报
09:53:47 [INFO]   [北大核心+CSSCI] 中国临床心理学杂志
09:53:47 [INFO]   [北大核心+CSSCI] 中国书法
09:53:47 [INFO]   [北大核心+CSSCI] 中国人口·资源与环境
09:53:47 [INFO]   [北大核心+CSSCI] 中国人口科学
09:53:47 [INFO]   [北大核心+CSSCI] 中国人民大学学报
09:53:47 [INFO]   [北大核心+CSSCI] 中国体育科技
09:53:47 [INFO]   [北大核心+CSSCI] 中国农史
09:53:47 [INFO]   [北大核心+CSSCI] 中国农村经济
09:53:47 [INFO]   [北大核心+CSSCI] 中国农村观察
09:53:47 [INFO]   [北大核心+CSSCI] 中国出版
09:53:47 [INFO]   [北大核心+CSSCI] 中国刑事法杂志
09:53:47 [INFO]   [北大核心+CSSCI] 中国历史地理论丛
09:53:47 [INFO]   [北大核心+CSSCI] 中国史研究
09:53:47 [INFO]   [北大核心+CSSCI] 中国哲学史
09:53:47 [INFO]   [北大核心+CSSCI] 中国图书馆学报
09:53:47 [INFO]   [北大核心+CSSCI] 中国土地科学
09:53:47 [INFO]   [北大核心+CSSCI] 中国外语
09:53:47 [INFO]   [北大核心+CSSCI] 中国大学教学
09:53:47 [INFO]   [北大核心+CSSCI] 中国工业经济
09:53:47 [INFO]   [北大核心+CSSCI] 中国文学批评
09:53:47 [INFO]   [北大核心+CSSCI] 中国比较文学
09:53:47 [INFO]   [北大核心+CSSCI] 中国法学
09:53:47 [INFO]   [北大核心+CSSCI] 中国法律评论
09:53:47 [INFO]   [北大核心+CSSCI] 中国特殊教育
09:53:47 [INFO]   [北大核心+CSSCI] 中国特色社会主义研究
09:53:47 [INFO]   [北大核心+CSSCI] 中国现代文学研究丛刊
09:53:47 [INFO]   [北大核心+CSSCI] 中国电化教育
09:53:47 [INFO]   [北大核心+CSSCI] 中国电视
09:53:47 [INFO]   [北大核心+CSSCI] 中国社会科学
09:53:47 [INFO]   [北大核心+CSSCI] 中国社会经济史研究
09:53:47 [INFO]   [北大核心+CSSCI] 中国科学院院刊
09:53:47 [INFO]   [北大核心+CSSCI] 中国科技史杂志
09:53:47 [INFO]   [北大核心+CSSCI] 中国科技期刊研究
09:53:47 [INFO]   [北大核心+CSSCI] 中国科技论坛
09:53:47 [INFO]   [北大核心+CSSCI] 中国管理科学
09:53:47 [INFO]   [北大核心+CSSCI] 中国经济史研究
09:53:47 [INFO]   [北大核心+CSSCI] 中国经济问题
09:53:47 [INFO]   [北大核心+CSSCI] 中国编辑
09:53:47 [INFO]   [北大核心+CSSCI] 中国翻译
09:53:47 [INFO]   [北大核心+CSSCI] 中国藏学
09:53:47 [INFO]   [北大核心+CSSCI] 中国行政管理
09:53:47 [INFO]   [北大核心+CSSCI] 中国语文
09:53:47 [INFO]   [北大核心+CSSCI] 中国软科学
09:53:47 [INFO]   [北大核心+CSSCI] 中国边疆史地研究
09:53:47 [INFO]   [北大核心+CSSCI] 中国远程教育
09:53:47 [INFO]   [北大核心+CSSCI] 中国青年研究
09:53:47 [INFO]   [北大核心+CSSCI] 中国音乐
09:53:47 [INFO]   [北大核心+CSSCI] 中国音乐学
09:53:47 [INFO]   [北大核心+CSSCI] 中国高教研究
09:53:47 [INFO]   [北大核心+CSSCI] 中国高校社会科学
09:53:47 [INFO]   [北大核心+CSSCI] 中国高等教育
09:53:47 [INFO]   [北大核心+CSSCI] 中外法学
09:53:47 [INFO]   [北大核心+CSSCI] 中央财经大学学报
09:53:47 [INFO]   [北大核心+CSSCI] 中央音乐学院学报
09:53:47 [INFO]   [北大核心+CSSCI] 中州学刊
09:53:47 [INFO]   [北大核心+CSSCI] 书法研究
09:53:47 [INFO]   [北大核心+CSSCI] 云南社会科学
09:53:47 [INFO]   [北大核心+CSSCI] 亚太安全与海洋研究
09:53:47 [INFO]   [北大核心+CSSCI] 亚太经济
09:53:47 [INFO]   [北大核心+CSSCI] 产业经济研究
09:53:47 [INFO]   [北大核心+CSSCI] 人口与发展
09:53:47 [INFO]   [北大核心+CSSCI] 人口与经济
09:53:47 [INFO]   [北大核心+CSSCI] 人口学刊
09:53:47 [INFO]   [北大核心+CSSCI] 人口研究
09:53:47 [INFO]   [北大核心+CSSCI] 人文地理
09:53:47 [INFO]   [北大核心+CSSCI] 人文杂志
09:53:47 [INFO]   [北大核心+CSSCI] 人民论坛
09:53:47 [INFO]   [北大核心+CSSCI] 人类学学报
09:53:47 [INFO]   [北大核心+CSSCI] 会计与经济研究
09:53:47 [INFO]   [北大核心+CSSCI] 会计研究
09:53:47 [INFO]   [北大核心+CSSCI] 伦理学研究
09:53:47 [INFO]   [北大核心+CSSCI] 体育与科学
09:53:47 [INFO]   [北大核心+CSSCI] 体育学刊
09:53:47 [INFO]   [北大核心+CSSCI] 体育学研究
09:53:47 [INFO]   [北大核心+CSSCI] 体育科学
09:53:47 [INFO]   [北大核心+CSSCI] 保险研究
09:53:47 [INFO]   [北大核心+CSSCI] 党史研究与教学
09:53:47 [INFO]   [北大核心+CSSCI] 党的文献
09:53:47 [INFO]   [北大核心+CSSCI] 全球教育展望
09:53:47 [INFO]   [北大核心+CSSCI] 公共管理与政策评论
09:53:47 [INFO]   [北大核心+CSSCI] 公共管理学报
09:53:47 [INFO]   [北大核心+CSSCI] 公共行政评论
09:53:47 [INFO]   [北大核心+CSSCI] 内蒙古社会科学
09:53:47 [INFO]   [北大核心+CSSCI] 农业技术经济
09:53:47 [INFO]   [北大核心+CSSCI] 农业经济问题
09:53:47 [INFO]   [北大核心+CSSCI] 农村经济
09:53:47 [INFO]   [北大核心+CSSCI] 出版发行研究
09:53:47 [INFO]   [北大核心+CSSCI] 出版科学
09:53:47 [INFO]   [北大核心+CSSCI] 劳动经济研究
09:53:47 [INFO]   [北大核心+CSSCI] 北京体育大学学报
09:53:47 [INFO]   [北大核心+CSSCI] 北京大学教育评论
09:53:47 [INFO]   [北大核心+CSSCI] 北京电影学院学报
09:53:47 [INFO]   [北大核心+CSSCI] 北京社会科学
09:53:47 [INFO]   [北大核心+CSSCI] 北京舞蹈学院学报
09:53:47 [INFO]   [北大核心+CSSCI] 北京行政学院学报
09:53:47 [INFO]   [北大核心+CSSCI] 华东政法大学学报
09:53:47 [INFO]   [北大核心+CSSCI] 华东经济管理
09:53:47 [INFO]   [北大核心+CSSCI] 南亚研究
09:53:47 [INFO]   [北大核心+CSSCI] 南京社会科学
09:53:47 [INFO]   [北大核心+CSSCI] 南开管理评论
09:53:47 [INFO]   [北大核心+CSSCI] 南开经济研究
09:53:47 [INFO]   [北大核心+CSSCI] 南方文坛
09:53:47 [INFO]   [北大核心+CSSCI] 南方经济
09:53:47 [INFO]   [北大核心+CSSCI] 南洋问题研究
09:53:47 [INFO]   [北大核心+CSSCI] 历史档案
09:53:47 [INFO]   [北大核心+CSSCI] 历史研究
09:53:47 [INFO]   [北大核心+CSSCI] 古汉语研究
09:53:47 [INFO]   [北大核心+CSSCI] 史学史研究
09:53:47 [INFO]   [北大核心+CSSCI] 史学月刊
09:53:47 [INFO]   [北大核心+CSSCI] 史学理论研究
09:53:47 [INFO]   [北大核心+CSSCI] 史学集刊
09:53:47 [INFO]   [北大核心+CSSCI] 史林
09:53:47 [INFO]   [北大核心+CSSCI] 吉林大学社会科学学报
09:53:47 [INFO]   [北大核心+CSSCI] 周易研究
09:53:47 [INFO]   [北大核心+CSSCI] 哲学分析
09:53:47 [INFO]   [北大核心+CSSCI] 哲学动态
09:53:47 [INFO]   [北大核心+CSSCI] 哲学研究
09:53:47 [INFO]   [北大核心+CSSCI] 商业研究
09:53:47 [INFO]   [北大核心+CSSCI] 商业经济与管理
09:53:47 [INFO]   [北大核心+CSSCI] 国外文学
09:53:47 [INFO]   [北大核心+CSSCI] 国外理论动态
09:53:47 [INFO]   [北大核心+CSSCI] 国家图书馆学刊
09:53:47 [INFO]   [北大核心+CSSCI] 国家教育行政学院学报
09:53:47 [INFO]   [北大核心+CSSCI] 国家检察官学院学报
09:53:47 [INFO]   [北大核心+CSSCI] 国际安全研究
09:53:47 [INFO]   [北大核心+CSSCI] 国际展望
09:53:47 [INFO]   [北大核心+CSSCI] 国际政治研究
09:53:47 [INFO]   [北大核心+CSSCI] 国际政治科学
09:53:47 [INFO]   [北大核心+CSSCI] 国际新闻界
09:53:47 [INFO]   [北大核心+CSSCI] 国际经济评论
09:53:47 [INFO]   [北大核心+CSSCI] 国际经贸探索
09:53:47 [INFO]   [北大核心+CSSCI] 国际观察
09:53:47 [INFO]   [北大核心+CSSCI] 国际论坛
09:53:47 [INFO]   [北大核心+CSSCI] 国际贸易
09:53:47 [INFO]   [北大核心+CSSCI] 国际贸易问题
09:53:47 [INFO]   [北大核心+CSSCI] 国际金融研究
09:53:47 [INFO]   [北大核心+CSSCI] 国际问题研究
09:53:47 [INFO]   [北大核心+CSSCI] 图书与情报
09:53:47 [INFO]   [北大核心+CSSCI] 图书情报工作
09:53:47 [INFO]   [北大核心+CSSCI] 图书情报知识
09:53:47 [INFO]   [北大核心+CSSCI] 图书馆学研究
09:53:47 [INFO]   [北大核心+CSSCI] 图书馆建设
09:53:47 [INFO]   [北大核心+CSSCI] 图书馆杂志
09:53:47 [INFO]   [北大核心+CSSCI] 图书馆论坛
09:53:47 [INFO]   [北大核心+CSSCI] 地理研究
09:53:47 [INFO]   [北大核心+CSSCI] 地理科学
09:53:47 [INFO]   [北大核心+CSSCI] 地理科学进展
09:53:47 [INFO]   [北大核心+CSSCI] 城市发展研究
09:53:47 [INFO]   [北大核心+CSSCI] 城市规划
09:53:47 [INFO]   [北大核心+CSSCI] 城市规划学刊
09:53:47 [INFO]   [北大核心+CSSCI] 城市问题
09:53:47 [INFO]   [北大核心+CSSCI] 复旦教育论坛
09:53:47 [INFO]   [北大核心+CSSCI] 外交评论
09:53:47 [INFO]   [北大核心+CSSCI] 外国教育研究
09:53:47 [INFO]   [北大核心+CSSCI] 外国文学
09:53:47 [INFO]   [北大核心+CSSCI] 外国文学研究
09:53:47 [INFO]   [北大核心+CSSCI] 外国文学评论
09:53:47 [INFO]   [北大核心+CSSCI] 外国经济与管理
09:53:47 [INFO]   [北大核心+CSSCI] 外语与外语教学
09:53:47 [INFO]   [北大核心+CSSCI] 外语教学
09:53:47 [INFO]   [北大核心+CSSCI] 外语教学与研究
09:53:47 [INFO]   [北大核心+CSSCI] 外语教学理论与实践
09:53:47 [INFO]   [北大核心+CSSCI] 外语教育研究前沿
09:53:47 [INFO]   [北大核心+CSSCI] 外语电化教学
09:53:47 [INFO]   [北大核心+CSSCI] 外语界
09:53:47 [INFO]   [北大核心+CSSCI] 大学图书馆学报
09:53:47 [INFO]   [北大核心+CSSCI] 大学教育科学
09:53:47 [INFO]   [北大核心+CSSCI] 天津社会科学
09:53:47 [INFO]   [北大核心+CSSCI] 太平洋学报
09:53:47 [INFO]   [北大核心+CSSCI] 妇女研究论丛
09:53:47 [INFO]   [北大核心+CSSCI] 孔子研究
09:53:47 [INFO]   [北大核心+CSSCI] 学习与实践
09:53:47 [INFO]   [北大核心+CSSCI] 学习与探索
09:53:47 [INFO]   [北大核心+CSSCI] 学位与研究生教育
09:53:47 [INFO]   [北大核心+CSSCI] 学前教育研究
09:53:47 [INFO]   [北大核心+CSSCI] 学术前沿
09:53:47 [INFO]   [北大核心+CSSCI] 学术月刊
09:53:47 [INFO]   [北大核心+CSSCI] 学术界
09:53:47 [INFO]   [北大核心+CSSCI] 学术研究
09:53:47 [INFO]   [北大核心+CSSCI] 学术论坛
09:53:47 [INFO]   [北大核心+CSSCI] 学海
09:53:47 [INFO]   [北大核心+CSSCI] 宁夏社会科学
09:53:47 [INFO]   [北大核心+CSSCI] 安徽史学
09:53:47 [INFO]   [北大核心+CSSCI] 宏观经济研究
09:53:47 [INFO]   [北大核心+CSSCI] 宗教学研究
09:53:47 [INFO]   [北大核心+CSSCI] 审计与经济研究
09:53:47 [INFO]   [北大核心+CSSCI] 审计研究
09:53:47 [INFO]   [北大核心+CSSCI] 小说评论
09:53:47 [INFO]   [北大核心+CSSCI] 山东社会科学
09:53:47 [INFO]   [北大核心+CSSCI] 山西财经大学学报
09:53:47 [INFO]   [北大核心+CSSCI] 工程管理科技前沿
09:53:47 [INFO]   [北大核心+CSSCI] 干旱区资源与环境
09:53:47 [INFO]   [北大核心+CSSCI] 广东社会科学
09:53:47 [INFO]   [北大核心+CSSCI] 广东财经大学学报
09:53:47 [INFO]   [北大核心+CSSCI] 广西民族研究
09:53:47 [INFO]   [北大核心+CSSCI] 建筑学报
09:53:47 [INFO]   [北大核心+CSSCI] 开放教育研究
09:53:47 [INFO]   [北大核心+CSSCI] 开放时代
09:53:47 [INFO]   [北大核心+CSSCI] 当代世界与社会主义
09:53:47 [INFO]   [北大核心+CSSCI] 当代中国史研究
09:53:47 [INFO]   [北大核心+CSSCI] 当代亚太
09:53:47 [INFO]   [北大核心+CSSCI] 当代传播
09:53:47 [INFO]   [北大核心+CSSCI] 当代作家评论
09:53:47 [INFO]   [北大核心+CSSCI] 当代修辞学
09:53:47 [INFO]   [北大核心+CSSCI] 当代外国文学
09:53:47 [INFO]   [北大核心+CSSCI] 当代文坛
09:53:47 [INFO]   [北大核心+CSSCI] 当代法学
09:53:47 [INFO]   [北大核心+CSSCI] 当代电影
09:53:47 [INFO]   [北大核心+CSSCI] 当代经济研究
09:53:47 [INFO]   [北大核心+CSSCI] 当代经济科学
09:53:47 [INFO]   [北大核心+CSSCI] 当代语言学
09:53:47 [INFO]   [北大核心+CSSCI] 当代财经
09:53:47 [INFO]   [北大核心+CSSCI] 心理与行为研究
09:53:47 [INFO]   [北大核心+CSSCI] 心理发展与教育
09:53:47 [INFO]   [北大核心+CSSCI] 心理学报
09:53:47 [INFO]   [北大核心+CSSCI] 心理科学
09:53:47 [INFO]   [北大核心+CSSCI] 心理科学进展
09:53:47 [INFO]   [北大核心+CSSCI] 思想战线
09:53:47 [INFO]   [北大核心+CSSCI] 思想教育研究
09:53:47 [INFO]   [北大核心+CSSCI] 思想理论教育
09:53:47 [INFO]   [北大核心+CSSCI] 思想理论教育导刊
09:53:47 [INFO]   [北大核心+CSSCI] 情报学报
09:53:47 [INFO]   [北大核心+CSSCI] 情报杂志
09:53:47 [INFO]   [北大核心+CSSCI] 情报理论与实践
09:53:47 [INFO]   [北大核心+CSSCI] 情报科学
09:53:47 [INFO]   [北大核心+CSSCI] 情报资料工作
09:53:47 [INFO]   [北大核心+CSSCI] 戏曲艺术
09:53:47 [INFO]   [北大核心+CSSCI] 成都体育学院学报
09:53:47 [INFO]   [北大核心+CSSCI] 扬子江文学评论
09:53:47 [INFO]   [北大核心+CSSCI] 抗日战争研究
09:53:47 [INFO]   [北大核心+CSSCI] 探索
09:53:47 [INFO]   [北大核心+CSSCI] 探索与争鸣
09:53:47 [INFO]   [北大核心+CSSCI] 改革
09:53:47 [INFO]   [北大核心+CSSCI] 政治与法律
09:53:47 [INFO]   [北大核心+CSSCI] 政治学研究
09:53:47 [INFO]   [北大核心+CSSCI] 政治经济学评论
09:53:47 [INFO]   [北大核心+CSSCI] 政法论丛
09:53:47 [INFO]   [北大核心+CSSCI] 政法论坛
09:53:47 [INFO]   [北大核心+CSSCI] 故宫博物院院刊
09:53:47 [INFO]   [北大核心+CSSCI] 教学与研究
09:53:47 [INFO]   [北大核心+CSSCI] 教师教育研究
09:53:47 [INFO]   [北大核心+CSSCI] 教育与经济
09:53:47 [INFO]   [北大核心+CSSCI] 教育发展研究
09:53:47 [INFO]   [北大核心+CSSCI] 教育学报
09:53:47 [INFO]   [北大核心+CSSCI] 教育研究
09:53:47 [INFO]   [北大核心+CSSCI] 教育研究与实验
09:53:47 [INFO]   [北大核心+CSSCI] 教育科学
09:53:47 [INFO]   [北大核心+CSSCI] 教育科学研究
09:53:47 [INFO]   [北大核心+CSSCI] 敦煌学辑刊
09:53:47 [INFO]   [北大核心+CSSCI] 敦煌研究
09:53:47 [INFO]   [北大核心+CSSCI] 数据分析与知识发现
09:53:47 [INFO]   [北大核心+CSSCI] 数理统计与管理
09:53:47 [INFO]   [北大核心+CSSCI] 数量经济技术经济研究
09:53:47 [INFO]   [北大核心+CSSCI] 文史
09:53:47 [INFO]   [北大核心+CSSCI] 文史哲
09:53:47 [INFO]   [北大核心+CSSCI] 文学评论
09:53:47 [INFO]   [北大核心+CSSCI] 文学遗产
09:53:47 [INFO]   [北大核心+CSSCI] 文物
09:53:47 [INFO]   [北大核心+CSSCI] 文献
09:53:47 [INFO]   [北大核心+CSSCI] 文艺争鸣
09:53:47 [INFO]   [北大核心+CSSCI] 文艺理论与批评
09:53:47 [INFO]   [北大核心+CSSCI] 文艺理论研究
09:53:47 [INFO]   [北大核心+CSSCI] 文艺研究
09:53:47 [INFO]   [北大核心+CSSCI] 新文学史料
09:53:47 [INFO]   [北大核心+CSSCI] 新美术
09:53:47 [INFO]   [北大核心+CSSCI] 新闻与传播研究
09:53:47 [INFO]   [北大核心+CSSCI] 新闻与写作
09:53:47 [INFO]   [北大核心+CSSCI] 新闻大学
09:53:47 [INFO]   [北大核心+CSSCI] 新闻界
09:53:47 [INFO]   [北大核心+CSSCI] 新闻记者
09:53:47 [INFO]   [北大核心+CSSCI] 方言
09:53:47 [INFO]   [北大核心+CSSCI] 旅游学刊
09:53:47 [INFO]   [北大核心+CSSCI] 旅游科学
09:53:47 [INFO]   [北大核心+CSSCI] 明清小说研究
09:53:47 [INFO]   [北大核心+CSSCI] 档案学研究
09:53:47 [INFO]   [北大核心+CSSCI] 档案学通讯
09:53:47 [INFO]   [北大核心+CSSCI] 欧洲研究
09:53:47 [INFO]   [北大核心+CSSCI] 武汉体育学院学报
09:53:47 [INFO]   [北大核心+CSSCI] 比较教育研究
09:53:47 [INFO]   [北大核心+CSSCI] 比较法研究
09:53:47 [INFO]   [北大核心+CSSCI] 毛泽东邓小平理论研究
09:53:47 [INFO]   [北大核心+CSSCI] 民俗研究
09:53:47 [INFO]   [北大核心+CSSCI] 民族学刊
09:53:47 [INFO]   [北大核心+CSSCI] 民族教育研究
09:53:47 [INFO]   [北大核心+CSSCI] 民族文学研究
09:53:47 [INFO]   [北大核心+CSSCI] 民族研究
09:53:47 [INFO]   [北大核心+CSSCI] 民族艺术
09:53:47 [INFO]   [北大核心+CSSCI] 民族语文
09:53:47 [INFO]   [北大核心+CSSCI] 求实
09:53:47 [INFO]   [北大核心+CSSCI] 求是
09:53:47 [INFO]   [北大核心+CSSCI] 求是学刊
09:53:47 [INFO]   [北大核心+CSSCI] 求索
09:53:47 [INFO]   [北大核心+CSSCI] 汉语学习
09:53:47 [INFO]   [北大核心+CSSCI] 汉语学报
09:53:47 [INFO]   [北大核心+CSSCI] 江汉考古
09:53:47 [INFO]   [北大核心+CSSCI] 江汉论坛
09:53:47 [INFO]   [北大核心+CSSCI] 江海学刊
09:53:47 [INFO]   [北大核心+CSSCI] 江淮论坛
09:53:47 [INFO]   [北大核心+CSSCI] 江苏社会科学
09:53:47 [INFO]   [北大核心+CSSCI] 江苏行政学院学报
09:53:47 [INFO]   [北大核心+CSSCI] 江苏高教
09:53:47 [INFO]   [北大核心+CSSCI] 江西社会科学
09:53:47 [INFO]   [北大核心+CSSCI] 江西财经大学学报
09:53:47 [INFO]   [北大核心+CSSCI] 沈阳体育学院学报
09:53:47 [INFO]   [北大核心+CSSCI] 河北学刊
09:53:47 [INFO]   [北大核心+CSSCI] 治理研究
09:53:47 [INFO]   [北大核心+CSSCI] 法制与社会发展
09:53:47 [INFO]   [北大核心+CSSCI] 法商研究
09:53:47 [INFO]   [北大核心+CSSCI] 法学
09:53:47 [INFO]   [北大核心+CSSCI] 法学家
09:53:47 [INFO]   [北大核心+CSSCI] 法学研究
09:53:47 [INFO]   [北大核心+CSSCI] 法学论坛
09:53:47 [INFO]   [北大核心+CSSCI] 法学评论
09:53:47 [INFO]   [北大核心+CSSCI] 法律适用
09:53:47 [INFO]   [北大核心+CSSCI] 浙江学刊
09:53:47 [INFO]   [北大核心+CSSCI] 浙江工商大学学报
09:53:47 [INFO]   [北大核心+CSSCI] 浙江社会科学
09:53:47 [INFO]   [北大核心+CSSCI] 清华大学教育研究
09:53:47 [INFO]   [北大核心+CSSCI] 清华法学
09:53:47 [INFO]   [北大核心+CSSCI] 清史研究
09:53:47 [INFO]   [北大核心+CSSCI] 湖南师范大学教育科学学报
09:53:47 [INFO]   [北大核心+CSSCI] 湖南师范大学社会科学学报
09:53:47 [INFO]   [北大核心+CSSCI] 环球法律评论
09:53:47 [INFO]   [北大核心+CSSCI] 现代中文学刊
09:53:47 [INFO]   [北大核心+CSSCI] 现代出版
09:53:47 [INFO]   [北大核心+CSSCI] 现代哲学
09:53:47 [INFO]   [北大核心+CSSCI] 现代国际关系
09:53:47 [INFO]   [北大核心+CSSCI] 现代外语
09:53:47 [INFO]   [北大核心+CSSCI] 现代大学教育
09:53:47 [INFO]   [北大核心+CSSCI] 现代情报
09:53:47 [INFO]   [北大核心+CSSCI] 现代日本经济
09:53:47 [INFO]   [北大核心+CSSCI] 现代法学
09:53:47 [INFO]   [北大核心+CSSCI] 现代经济探讨
09:53:47 [INFO]   [北大核心+CSSCI] 现代远程教育研究
09:53:47 [INFO]   [北大核心+CSSCI] 理论与改革
09:53:47 [INFO]   [北大核心+CSSCI] 理论学刊
09:53:47 [INFO]   [北大核心+CSSCI] 理论探索
09:53:47 [INFO]   [北大核心+CSSCI] 理论探讨
09:53:47 [INFO]   [北大核心+CSSCI] 甘肃社会科学
09:53:47 [INFO]   [北大核心+CSSCI] 电化教育研究
09:53:47 [INFO]   [北大核心+CSSCI] 电子政务
09:53:47 [INFO]   [北大核心+CSSCI] 电影艺术
09:53:47 [INFO]   [北大核心+CSSCI] 电视研究
09:53:47 [INFO]   [北大核心+CSSCI] 知识产权
09:53:47 [INFO]   [北大核心+CSSCI] 研究与发展管理
09:53:47 [INFO]   [北大核心+CSSCI] 研究生教育研究
09:53:47 [INFO]   [北大核心+CSSCI] 社会
09:53:47 [INFO]   [北大核心+CSSCI] 社会主义研究
09:53:47 [INFO]   [北大核心+CSSCI] 社会发展研究
09:53:47 [INFO]   [北大核心+CSSCI] 社会学研究
09:53:47 [INFO]   [北大核心+CSSCI] 社会学评论
09:53:47 [INFO]   [北大核心+CSSCI] 社会科学
09:53:47 [INFO]   [北大核心+CSSCI] 社会科学战线
09:53:47 [INFO]   [北大核心+CSSCI] 社会科学研究
09:53:47 [INFO]   [北大核心+CSSCI] 社会科学辑刊
09:53:47 [INFO]   [北大核心+CSSCI] 科学学与科学技术管理
09:53:47 [INFO]   [北大核心+CSSCI] 科学学研究
09:53:47 [INFO]   [北大核心+CSSCI] 科学技术哲学研究
09:53:47 [INFO]   [北大核心+CSSCI] 科学社会主义
09:53:47 [INFO]   [北大核心+CSSCI] 科学管理研究
09:53:47 [INFO]   [北大核心+CSSCI] 科技与出版
09:53:47 [INFO]   [北大核心+CSSCI] 科技进步与对策
09:53:47 [INFO]   [北大核心+CSSCI] 科研管理
09:53:47 [INFO]   [北大核心+CSSCI] 税务研究
09:53:47 [INFO]   [北大核心+CSSCI] 管理世界
09:53:47 [INFO]   [北大核心+CSSCI] 管理学刊
09:53:47 [INFO]   [北大核心+CSSCI] 管理工程学报
09:53:47 [INFO]   [北大核心+CSSCI] 管理科学
09:53:47 [INFO]   [北大核心+CSSCI] 管理科学学报
09:53:47 [INFO]   [北大核心+CSSCI] 管理评论
09:53:47 [INFO]   [北大核心+CSSCI] 系统工程理论与实践
09:53:47 [INFO]   [北大核心+CSSCI] 经济与管理研究
09:53:47 [INFO]   [北大核心+CSSCI] 经济体制改革
09:53:47 [INFO]   [北大核心+CSSCI] 经济地理
09:53:47 [INFO]   [北大核心+CSSCI] 经济学动态
09:53:47 [INFO]   [北大核心+CSSCI] 经济学家
09:53:47 [INFO]   [北大核心+CSSCI] 经济理论与经济管理
09:53:47 [INFO]   [北大核心+CSSCI] 经济研究
09:53:47 [INFO]   [北大核心+CSSCI] 经济社会体制比较
09:53:47 [INFO]   [北大核心+CSSCI] 经济科学
09:53:47 [INFO]   [北大核心+CSSCI] 经济管理
09:53:47 [INFO]   [北大核心+CSSCI] 经济纵横
09:53:47 [INFO]   [北大核心+CSSCI] 经济经纬
09:53:47 [INFO]   [北大核心+CSSCI] 经济评论
09:53:47 [INFO]   [北大核心+CSSCI] 经济问题
09:53:47 [INFO]   [北大核心+CSSCI] 经济问题探索
09:53:47 [INFO]   [北大核心+CSSCI] 统计与信息论坛
09:53:47 [INFO]   [北大核心+CSSCI] 统计与决策
09:53:47 [INFO]   [北大核心+CSSCI] 统计研究
09:53:47 [INFO]   [北大核心+CSSCI] 编辑之友
09:53:47 [INFO]   [北大核心+CSSCI] 编辑学报
09:53:47 [INFO]   [北大核心+CSSCI] 美国研究
09:53:47 [INFO]   [北大核心+CSSCI] 美术
09:53:47 [INFO]   [北大核心+CSSCI] 美术研究
09:53:47 [INFO]   [北大核心+CSSCI] 考古
09:53:47 [INFO]   [北大核心+CSSCI] 考古与文物
09:53:47 [INFO]   [北大核心+CSSCI] 考古学报
09:53:47 [INFO]   [北大核心+CSSCI] 自然科学史研究
09:53:47 [INFO]   [北大核心+CSSCI] 自然资源学报
09:53:47 [INFO]   [北大核心+CSSCI] 自然辩证法研究
09:53:47 [INFO]   [北大核心+CSSCI] 自然辩证法通讯
09:53:47 [INFO]   [北大核心+CSSCI] 艺术设计研究
09:53:47 [INFO]   [北大核心+CSSCI] 行政法学研究
09:53:47 [INFO]   [北大核心+CSSCI] 行政论坛
09:53:47 [INFO]   [北大核心+CSSCI] 装饰
09:53:47 [INFO]   [北大核心+CSSCI] 西亚非洲
09:53:47 [INFO]   [北大核心+CSSCI] 西北民族研究
09:53:47 [INFO]   [北大核心+CSSCI] 西域研究
09:53:47 [INFO]   [北大核心+CSSCI] 西安体育学院学报
09:53:47 [INFO]   [北大核心+CSSCI] 解放军外国语学院学报
09:53:47 [INFO]   [北大核心+CSSCI] 证券市场导报
09:53:47 [INFO]   [北大核心+CSSCI] 语文研究
09:53:47 [INFO]   [北大核心+CSSCI] 语言战略研究
09:53:47 [INFO]   [北大核心+CSSCI] 语言教学与研究
09:53:47 [INFO]   [北大核心+CSSCI] 语言文字应用
09:53:47 [INFO]   [北大核心+CSSCI] 语言研究
09:53:47 [INFO]   [北大核心+CSSCI] 语言科学
09:53:47 [INFO]   [北大核心+CSSCI] 课程·教材·教法
09:53:47 [INFO]   [北大核心+CSSCI] 财政研究
09:53:47 [INFO]   [北大核心+CSSCI] 财经理论与实践
09:53:47 [INFO]   [北大核心+CSSCI] 财经研究
09:53:47 [INFO]   [北大核心+CSSCI] 财经科学
09:53:47 [INFO]   [北大核心+CSSCI] 财经论丛
09:53:47 [INFO]   [北大核心+CSSCI] 财经问题研究
09:53:47 [INFO]   [北大核心+CSSCI] 财贸研究
09:53:47 [INFO]   [北大核心+CSSCI] 财贸经济
09:53:47 [INFO]   [北大核心+CSSCI] 贵州民族研究
09:53:47 [INFO]   [北大核心+CSSCI] 贵州社会科学
09:53:47 [INFO]   [北大核心+CSSCI] 贵州财经大学学报
09:53:47 [INFO]   [北大核心+CSSCI] 资源科学
09:53:47 [INFO]   [北大核心+CSSCI] 软科学
09:53:47 [INFO]   [北大核心+CSSCI] 近代史研究
09:53:47 [INFO]   [北大核心+CSSCI] 远程教育杂志
09:53:47 [INFO]   [北大核心+CSSCI] 道德与文明
09:53:47 [INFO]   [北大核心+CSSCI] 金融监管研究
09:53:47 [INFO]   [北大核心+CSSCI] 金融研究
09:53:47 [INFO]   [北大核心+CSSCI] 金融经济学研究
09:53:47 [INFO]   [北大核心+CSSCI] 金融论坛
09:53:47 [INFO]   [北大核心+CSSCI] 金融评论
09:53:47 [INFO]   [北大核心+CSSCI] 长江流域资源与环境
09:53:47 [INFO]   [北大核心+CSSCI] 青年研究
09:53:47 [INFO]   [北大核心+CSSCI] 青海社会科学
09:53:47 [INFO]   [北大核心+CSSCI] 音乐研究
09:53:47 [INFO]   [北大核心+CSSCI] 马克思主义与现实
09:53:47 [INFO]   [北大核心+CSSCI] 马克思主义理论学科研究
09:53:47 [INFO]   [北大核心+CSSCI] 马克思主义研究
09:53:47 [INFO]   [北大核心+CSSCI] 高校教育管理
09:53:47 [INFO]   [北大核心+CSSCI] 高等工程教育研究
09:53:47 [INFO]   [北大核心+CSSCI] 高等教育研究
09:53:47 [INFO]   [北大核心+CSSCI] 鲁迅研究月刊
09:53:47 [INFO]   [北大核心+CSSCI] 齐鲁学刊
09:53:47 [INFO] 仅在 北大核心：1513 种
09:53:47 [INFO] 仅在 CSSCI：186 种
09:53:47 [INFO] 导出结果到：D:\My_Project\期刊数据库交集\Journal_database_intersection\test_output.xlsx
09:53:47 [INFO] 已写入工作表：统计摘要
09:53:48 [INFO] 已写入工作表：北大核心+CSSCI（474 种）
09:53:48 [INFO] 已写入工作表：仅单库收录（1699 种）
09:53:48 [INFO] Excel 已保存：D:\My_Project\期刊数据库交集\Journal_database_intersection\test_output.xlsx
09:53:48 [INFO] ==================================================
09:53:48 [INFO] 分析完成！
